MPLINK 4.34, Linker
Linker Map File - Created Sat May 22 11:43:18 2010

                                 Section Info
                  Section       Type    Address   Location Size(Bytes)
                ---------  ---------  ---------  ---------  ---------
                   .org_0       code   0x000000    program   0x000006
                   .cinit    romdata   0x000006    program   0x000002
                   .org_1       code   0x000008    program   0x000004
                   .org_2       code   0x000018    program   0x000004
                   .org_3       code   0x00002a    program   0x0001ca
        CODE_LED_CUE_CODE       code   0x0001f4    program   0x000ba2
       DATA_LED_DATA_CUES       code   0x000d96    program   0x000772
      CODE_LED_FADER_CODE       code   0x001508    program   0x00047c
 CODE_LED_CIRCUIT_DRIVERS       code   0x001984    program   0x000368
DATA_CIRCUIT_MAP_TABLES_END       code   0x001cec    program   0x000298
      DATA_LED_CUE_TABLES       code   0x001f84    program   0x0001c7
        CODE_DEVICE_INITS       code   0x00214c    program   0x000156
DATA_RECIPROCAL_TABLE_END       code   0x0022a2    program   0x000130
    DATA_RECIPROCAL_TABLE       code   0x0023d2    program   0x000100
  DATA_CIRCUIT_MAP_TABLES       code   0x0024d2    program   0x000068
     DATA_LED_DATA_TABLES       code   0x00253a    program   0x000048
 DATA_FADER_POINTER_TABLE       code   0x002582    program   0x000038
DATA_FADER_POINTER_TABLE_END       code   0x0025ba    program   0x000012
.config_300001_D18F4520.O    romdata   0x300001    program   0x000001
.config_300002_D18F4520.O    romdata   0x300002    program   0x000001
.config_300003_D18F4520.O    romdata   0x300003    program   0x000001
.config_300005_D18F4520.O    romdata   0x300005    program   0x000001
.config_300006_D18F4520.O    romdata   0x300006    program   0x000001
.config_300008_D18F4520.O    romdata   0x300008    program   0x000001
.config_300009_D18F4520.O    romdata   0x300009    program   0x000001
.config_30000A_D18F4520.O    romdata   0x30000a    program   0x000001
.config_30000B_D18F4520.O    romdata   0x30000b    program   0x000001
.config_30000C_D18F4520.O    romdata   0x30000c    program   0x000001
         UDATA_BANK_0_ACS      udata   0x000000       data   0x000080
   UDATA_FADER_TABLES_100      udata   0x000100       data   0x0000f7
   UDATA_FADER_TABLES_200      udata   0x000200       data   0x00005b



                              Program Memory Usage 
                               Start         End      
                           ---------   ---------      
                            0x000000    0x00000b      
                            0x000018    0x00001b      
                            0x00002a    0x00214a      
                            0x00214c    0x0025cb      
                            0x300001    0x300003      
                            0x300005    0x300006      
                            0x300008    0x30000c      
            9659 out of 16664 program addresses used, program memory utilization is 57%



                              Symbols - Sorted by Name
                     Name    Address   Location    Storage File                     
                ---------  ---------  ---------  --------- ---------                
                  AD_INIT   0x0021cc    program     static Z:\alden On My Mac\Projects\proj34_wClockProd\Firmware\wClock_PRODUCTION_CANDIDATE_100418\d18f4520.asm
                 AD_START   0x0021da    program     static Z:\alden On My Mac\Projects\proj34_wClockProd\Firmware\wClock_PRODUCTION_CANDIDATE_100418\d18f4520.asm
                  AD_STOP   0x0021cc    program     static Z:\alden On My Mac\Projects\proj34_wClockProd\Firmware\wClock_PRODUCTION_CANDIDATE_100418\d18f4520.asm
                    CAP16   0x0000a8    program     static Z:\alden On My Mac\Projects\proj34_wClockProd\Firmware\wClock_PRODUCTION_CANDIDATE_100418\wClock.asm
                     CAP2   0x0000c0    program     static Z:\alden On My Mac\Projects\proj34_wClockProd\Firmware\wClock_PRODUCTION_CANDIDATE_100418\wClock.asm
                     CAP4   0x0000b8    program     static Z:\alden On My Mac\Projects\proj34_wClockProd\Firmware\wClock_PRODUCTION_CANDIDATE_100418\wClock.asm
                    CAP64   0x0000a0    program     static Z:\alden On My Mac\Projects\proj34_wClockProd\Firmware\wClock_PRODUCTION_CANDIDATE_100418\wClock.asm
                     CAP8   0x0000b0    program     static Z:\alden On My Mac\Projects\proj34_wClockProd\Firmware\wClock_PRODUCTION_CANDIDATE_100418\wClock.asm
                    CCCKx   0x001cf4    program     static Z:\alden On My Mac\Projects\proj34_wClockProd\Firmware\wClock_PRODUCTION_CANDIDATE_100418\led_ckt4520.asm
                    CCCNx   0x001cfe    program     static Z:\alden On My Mac\Projects\proj34_wClockProd\Firmware\wClock_PRODUCTION_CANDIDATE_100418\led_ckt4520.asm
                     CCL2   0x00021e    program     static Z:\alden On My Mac\Projects\proj34_wClockProd\Firmware\wClock_PRODUCTION_CANDIDATE_100418\led_cue.asm
                CCL_HOURS   0x00024a    program     static Z:\alden On My Mac\Projects\proj34_wClockProd\Firmware\wClock_PRODUCTION_CANDIDATE_100418\led_cue.asm
                   CCL_HR   0x000254    program     static Z:\alden On My Mac\Projects\proj34_wClockProd\Firmware\wClock_PRODUCTION_CANDIDATE_100418\led_cue.asm
                  CCL_MIN   0x000232    program     static Z:\alden On My Mac\Projects\proj34_wClockProd\Firmware\wClock_PRODUCTION_CANDIDATE_100418\led_cue.asm
                 CCP_INIT   0x00222c    program     static Z:\alden On My Mac\Projects\proj34_wClockProd\Firmware\wClock_PRODUCTION_CANDIDATE_100418\d18f4520.asm
                  CCR_DSP   0x000214    program     static Z:\alden On My Mac\Projects\proj34_wClockProd\Firmware\wClock_PRODUCTION_CANDIDATE_100418\led_cue.asm
                 CCR_EXIT   0x000218    program     static Z:\alden On My Mac\Projects\proj34_wClockProd\Firmware\wClock_PRODUCTION_CANDIDATE_100418\led_cue.asm
                  CED_FIN   0x001896    program     static Z:\alden On My Mac\Projects\proj34_wClockProd\Firmware\wClock_PRODUCTION_CANDIDATE_100418\led_fader.asm
                  CEU_FIN   0x001842    program     static Z:\alden On My Mac\Projects\proj34_wClockProd\Firmware\wClock_PRODUCTION_CANDIDATE_100418\led_fader.asm
                  CE_SLV1   0x00191c    program     static Z:\alden On My Mac\Projects\proj34_wClockProd\Firmware\wClock_PRODUCTION_CANDIDATE_100418\led_fader.asm
          CGC_COMMON_EXIT   0x0007b4    program     static Z:\alden On My Mac\Projects\proj34_wClockProd\Firmware\wClock_PRODUCTION_CANDIDATE_100418\led_cue.asm
                CGC_ERROR   0x000720    program     static Z:\alden On My Mac\Projects\proj34_wClockProd\Firmware\wClock_PRODUCTION_CANDIDATE_100418\led_cue.asm
                 CGC_FADE   0x00075e    program     static Z:\alden On My Mac\Projects\proj34_wClockProd\Firmware\wClock_PRODUCTION_CANDIDATE_100418\led_cue.asm
                   CGC_H1   0x00072a    program     static Z:\alden On My Mac\Projects\proj34_wClockProd\Firmware\wClock_PRODUCTION_CANDIDATE_100418\led_cue.asm
                   CGC_P1   0x000778    program     static Z:\alden On My Mac\Projects\proj34_wClockProd\Firmware\wClock_PRODUCTION_CANDIDATE_100418\led_cue.asm
                   CGC_P2   0x00077e    program     static Z:\alden On My Mac\Projects\proj34_wClockProd\Firmware\wClock_PRODUCTION_CANDIDATE_100418\led_cue.asm
                   CGC_P3   0x00079e    program     static Z:\alden On My Mac\Projects\proj34_wClockProd\Firmware\wClock_PRODUCTION_CANDIDATE_100418\led_cue.asm
                CGC_PATCH   0x000724    program     static Z:\alden On My Mac\Projects\proj34_wClockProd\Firmware\wClock_PRODUCTION_CANDIDATE_100418\led_cue.asm
              CGC_SET_BRT   0x000724    program     static Z:\alden On My Mac\Projects\proj34_wClockProd\Firmware\wClock_PRODUCTION_CANDIDATE_100418\led_cue.asm
              CGC_SET_HSB   0x000724    program     static Z:\alden On My Mac\Projects\proj34_wClockProd\Firmware\wClock_PRODUCTION_CANDIDATE_100418\led_cue.asm
              CGC_SET_RGB   0x000746    program     static Z:\alden On My Mac\Projects\proj34_wClockProd\Firmware\wClock_PRODUCTION_CANDIDATE_100418\led_cue.asm
                CGC_WATCH   0x000748    program     static Z:\alden On My Mac\Projects\proj34_wClockProd\Firmware\wClock_PRODUCTION_CANDIDATE_100418\led_cue.asm
                   CGNL01   0x00069c    program     static Z:\alden On My Mac\Projects\proj34_wClockProd\Firmware\wClock_PRODUCTION_CANDIDATE_100418\led_cue.asm
                   CGNL02   0x0006a4    program     static Z:\alden On My Mac\Projects\proj34_wClockProd\Firmware\wClock_PRODUCTION_CANDIDATE_100418\led_cue.asm
                   CGN_01   0x000642    program     static Z:\alden On My Mac\Projects\proj34_wClockProd\Firmware\wClock_PRODUCTION_CANDIDATE_100418\led_cue.asm
             CGN_ARGUMENT   0x000684    program     static Z:\alden On My Mac\Projects\proj34_wClockProd\Firmware\wClock_PRODUCTION_CANDIDATE_100418\led_cue.asm
              CGN_COMMAND   0x00067e    program     static Z:\alden On My Mac\Projects\proj34_wClockProd\Firmware\wClock_PRODUCTION_CANDIDATE_100418\led_cue.asm
                 CGN_DONE   0x00067a    program     static Z:\alden On My Mac\Projects\proj34_wClockProd\Firmware\wClock_PRODUCTION_CANDIDATE_100418\led_cue.asm
                 CGN_EXIT   0x0006c0    program     static Z:\alden On My Mac\Projects\proj34_wClockProd\Firmware\wClock_PRODUCTION_CANDIDATE_100418\led_cue.asm
                 CGN_JUMP   0x0006be    program     static Z:\alden On My Mac\Projects\proj34_wClockProd\Firmware\wClock_PRODUCTION_CANDIDATE_100418\led_cue.asm
                 CGN_LOOP   0x00068a    program     static Z:\alden On My Mac\Projects\proj34_wClockProd\Firmware\wClock_PRODUCTION_CANDIDATE_100418\led_cue.asm
           CGN_LOOP_LOCAL   0x0006ba    program     static Z:\alden On My Mac\Projects\proj34_wClockProd\Firmware\wClock_PRODUCTION_CANDIDATE_100418\led_cue.asm
          CGN_LOOP_REMOTE   0x0006bc    program     static Z:\alden On My Mac\Projects\proj34_wClockProd\Firmware\wClock_PRODUCTION_CANDIDATE_100418\led_cue.asm
                  CKI_JMP   0x0019ba    program     static Z:\alden On My Mac\Projects\proj34_wClockProd\Firmware\wClock_PRODUCTION_CANDIDATE_100418\led_ckt4520.asm
                  CKI_RET   0x0019ea    program     static Z:\alden On My Mac\Projects\proj34_wClockProd\Firmware\wClock_PRODUCTION_CANDIDATE_100418\led_ckt4520.asm
          CKT_CHANNEL_MAP   0x0024d2    program     static Z:\alden On My Mac\Projects\proj34_wClockProd\Firmware\wClock_PRODUCTION_CANDIDATE_100418\led_ckt4520.asm
         CKT_CHECK_CHNNUM   0x001cf6    program     static Z:\alden On My Mac\Projects\proj34_wClockProd\Firmware\wClock_PRODUCTION_CANDIDATE_100418\led_ckt4520.asm
         CKT_CHECK_CKTNUM   0x001cec    program     static Z:\alden On My Mac\Projects\proj34_wClockProd\Firmware\wClock_PRODUCTION_CANDIDATE_100418\led_ckt4520.asm
                  CKT_IN0   0x00199e    program     static Z:\alden On My Mac\Projects\proj34_wClockProd\Firmware\wClock_PRODUCTION_CANDIDATE_100418\led_ckt4520.asm
                 CKT_INIT   0x001984    program     extern Z:\alden On My Mac\Projects\proj34_wClockProd\Firmware\wClock_PRODUCTION_CANDIDATE_100418\led_ckt4520.asm
                  CKT_ISR   0x0019aa    program     extern Z:\alden On My Mac\Projects\proj34_wClockProd\Firmware\wClock_PRODUCTION_CANDIDATE_100418\led_ckt4520.asm
        CKT_WRITE_CHANNEL   0x001c16    program     extern Z:\alden On My Mac\Projects\proj34_wClockProd\Firmware\wClock_PRODUCTION_CANDIDATE_100418\led_ckt4520.asm
        CKT_WRITE_CIRCUIT   0x001c4e    program     extern Z:\alden On My Mac\Projects\proj34_wClockProd\Firmware\wClock_PRODUCTION_CANDIDATE_100418\led_ckt4520.asm
     CKT_WRITE_PARAMETERS   0x0024fe    program     static Z:\alden On My Mac\Projects\proj34_wClockProd\Firmware\wClock_PRODUCTION_CANDIDATE_100418\led_ckt4520.asm
            CLK_DECREMENT   0x00012a    program     static Z:\alden On My Mac\Projects\proj34_wClockProd\Firmware\wClock_PRODUCTION_CANDIDATE_100418\wClock.asm
                   CLK_DH   0x00013e    program     static Z:\alden On My Mac\Projects\proj34_wClockProd\Firmware\wClock_PRODUCTION_CANDIDATE_100418\wClock.asm
                   CLK_DX   0x000142    program     static Z:\alden On My Mac\Projects\proj34_wClockProd\Firmware\wClock_PRODUCTION_CANDIDATE_100418\wClock.asm
            CLK_HOURS_MAP   0x002566    program     static Z:\alden On My Mac\Projects\proj34_wClockProd\Firmware\wClock_PRODUCTION_CANDIDATE_100418\led_data.inc
            CLK_INCREMENT   0x000112    program     static Z:\alden On My Mac\Projects\proj34_wClockProd\Firmware\wClock_PRODUCTION_CANDIDATE_100418\wClock.asm
                 CLK_INIT   0x0000c6    program     static Z:\alden On My Mac\Projects\proj34_wClockProd\Firmware\wClock_PRODUCTION_CANDIDATE_100418\wClock.asm
                  CLK_ISR   0x0000d8    program     static Z:\alden On My Mac\Projects\proj34_wClockProd\Firmware\wClock_PRODUCTION_CANDIDATE_100418\wClock.asm
                   CLK_IX   0x000128    program     static Z:\alden On My Mac\Projects\proj34_wClockProd\Firmware\wClock_PRODUCTION_CANDIDATE_100418\wClock.asm
          CLK_MINUTES_MAP   0x00254c    program     static Z:\alden On My Mac\Projects\proj34_wClockProd\Firmware\wClock_PRODUCTION_CANDIDATE_100418\led_data.inc
           CLK_PROCESSING   0x0000f2    program     static Z:\alden On My Mac\Projects\proj34_wClockProd\Firmware\wClock_PRODUCTION_CANDIDATE_100418\wClock.asm
                  CLP_FIN   0x001672    program     static Z:\alden On My Mac\Projects\proj34_wClockProd\Firmware\wClock_PRODUCTION_CANDIDATE_100418\led_fader.asm
                  CLP_MAX   0x001668    program     static Z:\alden On My Mac\Projects\proj34_wClockProd\Firmware\wClock_PRODUCTION_CANDIDATE_100418\led_fader.asm
                  CLP_MIN   0x001664    program     static Z:\alden On My Mac\Projects\proj34_wClockProd\Firmware\wClock_PRODUCTION_CANDIDATE_100418\led_fader.asm
            CLP_NOREADOUT   0x000110    program     static Z:\alden On My Mac\Projects\proj34_wClockProd\Firmware\wClock_PRODUCTION_CANDIDATE_100418\wClock.asm
                  CLP_RPT   0x001660    program     static Z:\alden On My Mac\Projects\proj34_wClockProd\Firmware\wClock_PRODUCTION_CANDIDATE_100418\led_fader.asm
                  CLP_XFD   0x00166e    program     static Z:\alden On My Mac\Projects\proj34_wClockProd\Firmware\wClock_PRODUCTION_CANDIDATE_100418\led_fader.asm
                    CLS_x   0x0015fe    program     static Z:\alden On My Mac\Projects\proj34_wClockProd\Firmware\wClock_PRODUCTION_CANDIDATE_100418\led_fader.asm
                 CL_ERROR   0x001556    program     static Z:\alden On My Mac\Projects\proj34_wClockProd\Firmware\wClock_PRODUCTION_CANDIDATE_100418\led_fader.asm
             CL_LOAD_FADE   0x001602    program     static Z:\alden On My Mac\Projects\proj34_wClockProd\Firmware\wClock_PRODUCTION_CANDIDATE_100418\led_fader.asm
            CL_LOAD_PATCH   0x0015ca    program     static Z:\alden On My Mac\Projects\proj34_wClockProd\Firmware\wClock_PRODUCTION_CANDIDATE_100418\led_fader.asm
          CL_LOAD_SET_BRT   0x00155a    program     static Z:\alden On My Mac\Projects\proj34_wClockProd\Firmware\wClock_PRODUCTION_CANDIDATE_100418\led_fader.asm
          CL_LOAD_SET_HSB   0x001576    program     static Z:\alden On My Mac\Projects\proj34_wClockProd\Firmware\wClock_PRODUCTION_CANDIDATE_100418\led_fader.asm
          CL_LOAD_SET_RGB   0x0015c6    program     static Z:\alden On My Mac\Projects\proj34_wClockProd\Firmware\wClock_PRODUCTION_CANDIDATE_100418\led_fader.asm
            CL_LOAD_WATCH   0x00167a    program     static Z:\alden On My Mac\Projects\proj34_wClockProd\Firmware\wClock_PRODUCTION_CANDIDATE_100418\led_fader.asm
               CMD_LOADER   0x001508    program     extern Z:\alden On My Mac\Projects\proj34_wClockProd\Firmware\wClock_PRODUCTION_CANDIDATE_100418\led_fader.asm
     CMD_VALIDATE_CMDCODE   0x001682    program     extern Z:\alden On My Mac\Projects\proj34_wClockProd\Firmware\wClock_PRODUCTION_CANDIDATE_100418\led_fader.asm
                 CMP_INIT   0x002220    program     static Z:\alden On My Mac\Projects\proj34_wClockProd\Firmware\wClock_PRODUCTION_CANDIDATE_100418\d18f4520.asm
                  CSA_DSP   0x0007d2    program     static Z:\alden On My Mac\Projects\proj34_wClockProd\Firmware\wClock_PRODUCTION_CANDIDATE_100418\led_cue.asm
               CSA_OP_ADD   0x000838    program     static Z:\alden On My Mac\Projects\proj34_wClockProd\Firmware\wClock_PRODUCTION_CANDIDATE_100418\led_cue.asm
           CSA_OP_ADD_AND   0x000832    program     static Z:\alden On My Mac\Projects\proj34_wClockProd\Firmware\wClock_PRODUCTION_CANDIDATE_100418\led_cue.asm
      CSA_OP_ADD_AND_SAVE   0x000832    program     static Z:\alden On My Mac\Projects\proj34_wClockProd\Firmware\wClock_PRODUCTION_CANDIDATE_100418\led_cue.asm
           CSA_OP_ADD_IND   0x000838    program     static Z:\alden On My Mac\Projects\proj34_wClockProd\Firmware\wClock_PRODUCTION_CANDIDATE_100418\led_cue.asm
       CSA_OP_ADD_IND_AND   0x000832    program     static Z:\alden On My Mac\Projects\proj34_wClockProd\Firmware\wClock_PRODUCTION_CANDIDATE_100418\led_cue.asm
  CSA_OP_ADD_IND_AND_SAVE   0x000832    program     static Z:\alden On My Mac\Projects\proj34_wClockProd\Firmware\wClock_PRODUCTION_CANDIDATE_100418\led_cue.asm
      CSA_OP_ADD_IND_SAVE   0x000838    program     static Z:\alden On My Mac\Projects\proj34_wClockProd\Firmware\wClock_PRODUCTION_CANDIDATE_100418\led_cue.asm
               CSA_OP_DEC   0x00083e    program     static Z:\alden On My Mac\Projects\proj34_wClockProd\Firmware\wClock_PRODUCTION_CANDIDATE_100418\led_cue.asm
       CSA_OP_DECX2_RANGE   0x000832    program     static Z:\alden On My Mac\Projects\proj34_wClockProd\Firmware\wClock_PRODUCTION_CANDIDATE_100418\led_cue.asm
       CSA_OP_DECX3_RANGE   0x000832    program     static Z:\alden On My Mac\Projects\proj34_wClockProd\Firmware\wClock_PRODUCTION_CANDIDATE_100418\led_cue.asm
       CSA_OP_DECX4_RANGE   0x000832    program     static Z:\alden On My Mac\Projects\proj34_wClockProd\Firmware\wClock_PRODUCTION_CANDIDATE_100418\led_cue.asm
         CSA_OP_DEC_RANGE   0x000832    program     static Z:\alden On My Mac\Projects\proj34_wClockProd\Firmware\wClock_PRODUCTION_CANDIDATE_100418\led_cue.asm
               CSA_OP_INC   0x00083e    program     static Z:\alden On My Mac\Projects\proj34_wClockProd\Firmware\wClock_PRODUCTION_CANDIDATE_100418\led_cue.asm
       CSA_OP_INCX2_RANGE   0x000832    program     static Z:\alden On My Mac\Projects\proj34_wClockProd\Firmware\wClock_PRODUCTION_CANDIDATE_100418\led_cue.asm
       CSA_OP_INCX3_RANGE   0x000832    program     static Z:\alden On My Mac\Projects\proj34_wClockProd\Firmware\wClock_PRODUCTION_CANDIDATE_100418\led_cue.asm
       CSA_OP_INCX4_RANGE   0x000832    program     static Z:\alden On My Mac\Projects\proj34_wClockProd\Firmware\wClock_PRODUCTION_CANDIDATE_100418\led_cue.asm
         CSA_OP_INC_RANGE   0x000832    program     static Z:\alden On My Mac\Projects\proj34_wClockProd\Firmware\wClock_PRODUCTION_CANDIDATE_100418\led_cue.asm
               CSA_OP_LIT   0x00083e    program     static Z:\alden On My Mac\Projects\proj34_wClockProd\Firmware\wClock_PRODUCTION_CANDIDATE_100418\led_cue.asm
              CSA_OP_RAND   0x00083e    program     static Z:\alden On My Mac\Projects\proj34_wClockProd\Firmware\wClock_PRODUCTION_CANDIDATE_100418\led_cue.asm
        CSA_OP_RAND_RANGE   0x000832    program     static Z:\alden On My Mac\Projects\proj34_wClockProd\Firmware\wClock_PRODUCTION_CANDIDATE_100418\led_cue.asm
               CSA_OP_SUB   0x000838    program     static Z:\alden On My Mac\Projects\proj34_wClockProd\Firmware\wClock_PRODUCTION_CANDIDATE_100418\led_cue.asm
           CSA_OP_SUB_AND   0x000832    program     static Z:\alden On My Mac\Projects\proj34_wClockProd\Firmware\wClock_PRODUCTION_CANDIDATE_100418\led_cue.asm
      CSA_OP_SUB_AND_SAVE   0x000832    program     static Z:\alden On My Mac\Projects\proj34_wClockProd\Firmware\wClock_PRODUCTION_CANDIDATE_100418\led_cue.asm
           CSA_OP_SUB_IND   0x000838    program     static Z:\alden On My Mac\Projects\proj34_wClockProd\Firmware\wClock_PRODUCTION_CANDIDATE_100418\led_cue.asm
       CSA_OP_SUB_IND_AND   0x000832    program     static Z:\alden On My Mac\Projects\proj34_wClockProd\Firmware\wClock_PRODUCTION_CANDIDATE_100418\led_cue.asm
  CSA_OP_SUB_IND_AND_SAVE   0x000832    program     static Z:\alden On My Mac\Projects\proj34_wClockProd\Firmware\wClock_PRODUCTION_CANDIDATE_100418\led_cue.asm
      CSA_OP_SUB_IND_SAVE   0x000838    program     static Z:\alden On My Mac\Projects\proj34_wClockProd\Firmware\wClock_PRODUCTION_CANDIDATE_100418\led_cue.asm
              CUE_ALL_DIM   0x001348    program     static Z:\alden On My Mac\Projects\proj34_wClockProd\Firmware\wClock_PRODUCTION_CANDIDATE_100418\led_data.inc
              CUE_ALL_OFF   0x001426    program     static Z:\alden On My Mac\Projects\proj34_wClockProd\Firmware\wClock_PRODUCTION_CANDIDATE_100418\led_data.inc
        CUE_ALL_OFF_XFADE   0x000d96    program     static Z:\alden On My Mac\Projects\proj34_wClockProd\Firmware\wClock_PRODUCTION_CANDIDATE_100418\led_data.inc
               CUE_ALL_ON   0x001495    program     static Z:\alden On My Mac\Projects\proj34_wClockProd\Firmware\wClock_PRODUCTION_CANDIDATE_100418\led_data.inc
         CUE_ALL_ON_XFADE   0x000d97    program     static Z:\alden On My Mac\Projects\proj34_wClockProd\Firmware\wClock_PRODUCTION_CANDIDATE_100418\led_data.inc
         CUE_CHECK_ARGNUM   0x000aac    program     static Z:\alden On My Mac\Projects\proj34_wClockProd\Firmware\wClock_PRODUCTION_CANDIDATE_100418\led_cue.asm
         CUE_CHECK_OPCODE   0x000ab6    program     static Z:\alden On My Mac\Projects\proj34_wClockProd\Firmware\wClock_PRODUCTION_CANDIDATE_100418\led_cue.asm
           CUE_CLK_LOADER   0x00021a    program     static Z:\alden On My Mac\Projects\proj34_wClockProd\Firmware\wClock_PRODUCTION_CANDIDATE_100418\led_cue.asm
          CUE_CLK_READOUT   0x0001f4    program     extern Z:\alden On My Mac\Projects\proj34_wClockProd\Firmware\wClock_PRODUCTION_CANDIDATE_100418\led_cue.asm
         CUE_GET_ARGUMENT   0x000848    program     static Z:\alden On My Mac\Projects\proj34_wClockProd\Firmware\wClock_PRODUCTION_CANDIDATE_100418\led_cue.asm
          CUE_GET_COMMAND   0x0006c4    program     static Z:\alden On My Mac\Projects\proj34_wClockProd\Firmware\wClock_PRODUCTION_CANDIDATE_100418\led_cue.asm
     CUE_GET_NEXT_COMMAND   0x000636    program     static Z:\alden On My Mac\Projects\proj34_wClockProd\Firmware\wClock_PRODUCTION_CANDIDATE_100418\led_cue.asm
             CUE_HOURS_01   0x00106c    program     static Z:\alden On My Mac\Projects\proj34_wClockProd\Firmware\wClock_PRODUCTION_CANDIDATE_100418\led_data.inc
             CUE_HOURS_02   0x0010a9    program     static Z:\alden On My Mac\Projects\proj34_wClockProd\Firmware\wClock_PRODUCTION_CANDIDATE_100418\led_data.inc
             CUE_HOURS_03   0x0010e6    program     static Z:\alden On My Mac\Projects\proj34_wClockProd\Firmware\wClock_PRODUCTION_CANDIDATE_100418\led_data.inc
             CUE_HOURS_04   0x001123    program     static Z:\alden On My Mac\Projects\proj34_wClockProd\Firmware\wClock_PRODUCTION_CANDIDATE_100418\led_data.inc
             CUE_HOURS_05   0x001160    program     static Z:\alden On My Mac\Projects\proj34_wClockProd\Firmware\wClock_PRODUCTION_CANDIDATE_100418\led_data.inc
             CUE_HOURS_06   0x00119d    program     static Z:\alden On My Mac\Projects\proj34_wClockProd\Firmware\wClock_PRODUCTION_CANDIDATE_100418\led_data.inc
             CUE_HOURS_07   0x0011da    program     static Z:\alden On My Mac\Projects\proj34_wClockProd\Firmware\wClock_PRODUCTION_CANDIDATE_100418\led_data.inc
             CUE_HOURS_08   0x001217    program     static Z:\alden On My Mac\Projects\proj34_wClockProd\Firmware\wClock_PRODUCTION_CANDIDATE_100418\led_data.inc
             CUE_HOURS_09   0x001254    program     static Z:\alden On My Mac\Projects\proj34_wClockProd\Firmware\wClock_PRODUCTION_CANDIDATE_100418\led_data.inc
             CUE_HOURS_10   0x001291    program     static Z:\alden On My Mac\Projects\proj34_wClockProd\Firmware\wClock_PRODUCTION_CANDIDATE_100418\led_data.inc
             CUE_HOURS_11   0x0012ce    program     static Z:\alden On My Mac\Projects\proj34_wClockProd\Firmware\wClock_PRODUCTION_CANDIDATE_100418\led_data.inc
             CUE_HOURS_12   0x00130b    program     static Z:\alden On My Mac\Projects\proj34_wClockProd\Firmware\wClock_PRODUCTION_CANDIDATE_100418\led_data.inc
            CUE_HOURS_OFF   0x00102f    program     static Z:\alden On My Mac\Projects\proj34_wClockProd\Firmware\wClock_PRODUCTION_CANDIDATE_100418\led_data.inc
             CUE_LOAD_CUE   0x000620    program     static Z:\alden On My Mac\Projects\proj34_wClockProd\Firmware\wClock_PRODUCTION_CANDIDATE_100418\led_cue.asm
           CUE_MINUTES_00   0x000dcb    program     static Z:\alden On My Mac\Projects\proj34_wClockProd\Firmware\wClock_PRODUCTION_CANDIDATE_100418\led_data.inc
           CUE_MINUTES_05   0x000dfe    program     static Z:\alden On My Mac\Projects\proj34_wClockProd\Firmware\wClock_PRODUCTION_CANDIDATE_100418\led_data.inc
           CUE_MINUTES_10   0x000e31    program     static Z:\alden On My Mac\Projects\proj34_wClockProd\Firmware\wClock_PRODUCTION_CANDIDATE_100418\led_data.inc
           CUE_MINUTES_15   0x000e64    program     static Z:\alden On My Mac\Projects\proj34_wClockProd\Firmware\wClock_PRODUCTION_CANDIDATE_100418\led_data.inc
           CUE_MINUTES_20   0x000e97    program     static Z:\alden On My Mac\Projects\proj34_wClockProd\Firmware\wClock_PRODUCTION_CANDIDATE_100418\led_data.inc
           CUE_MINUTES_25   0x000eca    program     static Z:\alden On My Mac\Projects\proj34_wClockProd\Firmware\wClock_PRODUCTION_CANDIDATE_100418\led_data.inc
           CUE_MINUTES_30   0x000efd    program     static Z:\alden On My Mac\Projects\proj34_wClockProd\Firmware\wClock_PRODUCTION_CANDIDATE_100418\led_data.inc
           CUE_MINUTES_35   0x000f30    program     static Z:\alden On My Mac\Projects\proj34_wClockProd\Firmware\wClock_PRODUCTION_CANDIDATE_100418\led_data.inc
           CUE_MINUTES_40   0x000f63    program     static Z:\alden On My Mac\Projects\proj34_wClockProd\Firmware\wClock_PRODUCTION_CANDIDATE_100418\led_data.inc
           CUE_MINUTES_45   0x000f96    program     static Z:\alden On My Mac\Projects\proj34_wClockProd\Firmware\wClock_PRODUCTION_CANDIDATE_100418\led_data.inc
           CUE_MINUTES_50   0x000fc9    program     static Z:\alden On My Mac\Projects\proj34_wClockProd\Firmware\wClock_PRODUCTION_CANDIDATE_100418\led_data.inc
           CUE_MINUTES_55   0x000ffc    program     static Z:\alden On My Mac\Projects\proj34_wClockProd\Firmware\wClock_PRODUCTION_CANDIDATE_100418\led_data.inc
          CUE_MINUTES_OFF   0x000d98    program     static Z:\alden On My Mac\Projects\proj34_wClockProd\Firmware\wClock_PRODUCTION_CANDIDATE_100418\led_data.inc
         CUE_NUMBER_TABLE   0x002542    program     static Z:\alden On My Mac\Projects\proj34_wClockProd\Firmware\wClock_PRODUCTION_CANDIDATE_100418\led_data.inc
                CUE_PANIC   0x0013b7    program     static Z:\alden On My Mac\Projects\proj34_wClockProd\Firmware\wClock_PRODUCTION_CANDIDATE_100418\led_data.inc
              CUE_RUN_CUE   0x0005fe    program     static Z:\alden On My Mac\Projects\proj34_wClockProd\Firmware\wClock_PRODUCTION_CANDIDATE_100418\led_cue.asm
         CUE_SET_ARGUMENT   0x0007be    program     static Z:\alden On My Mac\Projects\proj34_wClockProd\Firmware\wClock_PRODUCTION_CANDIDATE_100418\led_cue.asm
         CUE_SET_ARG_ADDR   0x000a94    program     static Z:\alden On My Mac\Projects\proj34_wClockProd\Firmware\wClock_PRODUCTION_CANDIDATE_100418\led_cue.asm
        CUE_SET_ARG_ADDR2   0x000aa0    program     static Z:\alden On My Mac\Projects\proj34_wClockProd\Firmware\wClock_PRODUCTION_CANDIDATE_100418\led_cue.asm
              CUE_WATCHER   0x0005e6    program     extern Z:\alden On My Mac\Projects\proj34_wClockProd\Firmware\wClock_PRODUCTION_CANDIDATE_100418\led_cue.asm
       CUW_EXIT_NO_CHANGE   0x0005fc    program     static Z:\alden On My Mac\Projects\proj34_wClockProd\Firmware\wClock_PRODUCTION_CANDIDATE_100418\led_cue.asm
         CUW_RUN_NEXT_CUE   0x0005f8    program     static Z:\alden On My Mac\Projects\proj34_wClockProd\Firmware\wClock_PRODUCTION_CANDIDATE_100418\led_cue.asm
                  CVC_ERR   0x0016b4    program     static Z:\alden On My Mac\Projects\proj34_wClockProd\Firmware\wClock_PRODUCTION_CANDIDATE_100418\led_fader.asm
                   CVC_OK   0x0016b8    program     static Z:\alden On My Mac\Projects\proj34_wClockProd\Firmware\wClock_PRODUCTION_CANDIDATE_100418\led_fader.asm
                    CWC_x   0x001c4c    program     static Z:\alden On My Mac\Projects\proj34_wClockProd\Firmware\wClock_PRODUCTION_CANDIDATE_100418\led_ckt4520.asm
                    CWK_x   0x001cea    program     static Z:\alden On My Mac\Projects\proj34_wClockProd\Firmware\wClock_PRODUCTION_CANDIDATE_100418\led_ckt4520.asm
   CYCLE_ADVANCE_PRESCALE   0x000094    program     static Z:\alden On My Mac\Projects\proj34_wClockProd\Firmware\wClock_PRODUCTION_CANDIDATE_100418\wClock.asm
         CYCLE_PROCESSING   0x000064    program     static Z:\alden On My Mac\Projects\proj34_wClockProd\Firmware\wClock_PRODUCTION_CANDIDATE_100418\wClock.asm
        CYCLE_RUN_CHANNEL   0x000082    program     static Z:\alden On My Mac\Projects\proj34_wClockProd\Firmware\wClock_PRODUCTION_CANDIDATE_100418\wClock.asm
                   CYC_01   0x00006e    program     static Z:\alden On My Mac\Projects\proj34_wClockProd\Firmware\wClock_PRODUCTION_CANDIDATE_100418\wClock.asm
                   CYC_02   0x00006e    program     static Z:\alden On My Mac\Projects\proj34_wClockProd\Firmware\wClock_PRODUCTION_CANDIDATE_100418\wClock.asm
                   CYC_03   0x000070    program     static Z:\alden On My Mac\Projects\proj34_wClockProd\Firmware\wClock_PRODUCTION_CANDIDATE_100418\wClock.asm
                    CYC_x   0x00007e    program     static Z:\alden On My Mac\Projects\proj34_wClockProd\Firmware\wClock_PRODUCTION_CANDIDATE_100418\wClock.asm
                  EE_INIT   0x00229c    program     static Z:\alden On My Mac\Projects\proj34_wClockProd\Firmware\wClock_PRODUCTION_CANDIDATE_100418\d18f4520.asm
   FDR_COMPUTE_RECIPROCAL   0x0025ba    program     static Z:\alden On My Mac\Projects\proj34_wClockProd\Firmware\wClock_PRODUCTION_CANDIDATE_100418\led_fader.asm
    FDR_COMPUTE_STEP_DOWN   0x0018dc    program     static Z:\alden On My Mac\Projects\proj34_wClockProd\Firmware\wClock_PRODUCTION_CANDIDATE_100418\led_fader.asm
      FDR_COMPUTE_STEP_UP   0x0018c4    program     static Z:\alden On My Mac\Projects\proj34_wClockProd\Firmware\wClock_PRODUCTION_CANDIDATE_100418\led_fader.asm
                   FDR_D1   0x0016da    program     static Z:\alden On My Mac\Projects\proj34_wClockProd\Firmware\wClock_PRODUCTION_CANDIDATE_100418\led_fader.asm
             FDR_DISPATCH   0x0016be    program     extern Z:\alden On My Mac\Projects\proj34_wClockProd\Firmware\wClock_PRODUCTION_CANDIDATE_100418\led_fader.asm
      FDR_EXEC_DOWN_CYCLE   0x001862    program     static Z:\alden On My Mac\Projects\proj34_wClockProd\Firmware\wClock_PRODUCTION_CANDIDATE_100418\led_fader.asm
      FDR_EXEC_DOWN_FIRST   0x001862    program     static Z:\alden On My Mac\Projects\proj34_wClockProd\Firmware\wClock_PRODUCTION_CANDIDATE_100418\led_fader.asm
      FDR_EXEC_DOWN_STATE   0x001866    program     static Z:\alden On My Mac\Projects\proj34_wClockProd\Firmware\wClock_PRODUCTION_CANDIDATE_100418\led_fader.asm
     FDR_EXEC_DWELL_CYCLE   0x001848    program     static Z:\alden On My Mac\Projects\proj34_wClockProd\Firmware\wClock_PRODUCTION_CANDIDATE_100418\led_fader.asm
     FDR_EXEC_DWELL_FIRST   0x001848    program     static Z:\alden On My Mac\Projects\proj34_wClockProd\Firmware\wClock_PRODUCTION_CANDIDATE_100418\led_fader.asm
     FDR_EXEC_DWELL_STATE   0x00185c    program     static Z:\alden On My Mac\Projects\proj34_wClockProd\Firmware\wClock_PRODUCTION_CANDIDATE_100418\led_fader.asm
            FDR_EXEC_EXIT   0x00171a    program     static Z:\alden On My Mac\Projects\proj34_wClockProd\Firmware\wClock_PRODUCTION_CANDIDATE_100418\led_fader.asm
       FDR_EXEC_OFF_CYCLE   0x00189c    program     static Z:\alden On My Mac\Projects\proj34_wClockProd\Firmware\wClock_PRODUCTION_CANDIDATE_100418\led_fader.asm
       FDR_EXEC_OFF_STATE   0x0018ae    program     static Z:\alden On My Mac\Projects\proj34_wClockProd\Firmware\wClock_PRODUCTION_CANDIDATE_100418\led_fader.asm
           FDR_EXEC_PATCH   0x0018f4    program     static Z:\alden On My Mac\Projects\proj34_wClockProd\Firmware\wClock_PRODUCTION_CANDIDATE_100418\led_fader.asm
          FDR_EXEC_REPEAT   0x0018b4    program     static Z:\alden On My Mac\Projects\proj34_wClockProd\Firmware\wClock_PRODUCTION_CANDIDATE_100418\led_fader.asm
         FDR_EXEC_SET_HSB   0x00191e    program     static Z:\alden On My Mac\Projects\proj34_wClockProd\Firmware\wClock_PRODUCTION_CANDIDATE_100418\led_fader.asm
         FDR_EXEC_SET_RGB   0x00192c    program     static Z:\alden On My Mac\Projects\proj34_wClockProd\Firmware\wClock_PRODUCTION_CANDIDATE_100418\led_fader.asm
        FDR_EXEC_UP_CYCLE   0x001812    program     static Z:\alden On My Mac\Projects\proj34_wClockProd\Firmware\wClock_PRODUCTION_CANDIDATE_100418\led_fader.asm
        FDR_EXEC_UP_FIRST   0x0017e8    program     static Z:\alden On My Mac\Projects\proj34_wClockProd\Firmware\wClock_PRODUCTION_CANDIDATE_100418\led_fader.asm
        FDR_EXEC_UP_STATE   0x001816    program     static Z:\alden On My Mac\Projects\proj34_wClockProd\Firmware\wClock_PRODUCTION_CANDIDATE_100418\led_fader.asm
      FDR_EXEC_WAIT_STATE   0x001726    program     static Z:\alden On My Mac\Projects\proj34_wClockProd\Firmware\wClock_PRODUCTION_CANDIDATE_100418\led_fader.asm
FDR_EXEC_XFADE_DOWN_CYCLE   0x00178c    program     static Z:\alden On My Mac\Projects\proj34_wClockProd\Firmware\wClock_PRODUCTION_CANDIDATE_100418\led_fader.asm
FDR_EXEC_XFADE_DOWN_FIRST   0x00177c    program     static Z:\alden On My Mac\Projects\proj34_wClockProd\Firmware\wClock_PRODUCTION_CANDIDATE_100418\led_fader.asm
FDR_EXEC_XFADE_DOWN_STATE   0x001790    program     static Z:\alden On My Mac\Projects\proj34_wClockProd\Firmware\wClock_PRODUCTION_CANDIDATE_100418\led_fader.asm
       FDR_EXEC_XFADE_FIN   0x0017bc    program     static Z:\alden On My Mac\Projects\proj34_wClockProd\Firmware\wClock_PRODUCTION_CANDIDATE_100418\led_fader.asm
  FDR_EXEC_XFADE_UP_CYCLE   0x00174c    program     static Z:\alden On My Mac\Projects\proj34_wClockProd\Firmware\wClock_PRODUCTION_CANDIDATE_100418\led_fader.asm
  FDR_EXEC_XFADE_UP_FIRST   0x00173c    program     static Z:\alden On My Mac\Projects\proj34_wClockProd\Firmware\wClock_PRODUCTION_CANDIDATE_100418\led_fader.asm
  FDR_EXEC_XFADE_UP_STATE   0x001750    program     static Z:\alden On My Mac\Projects\proj34_wClockProd\Firmware\wClock_PRODUCTION_CANDIDATE_100418\led_fader.asm
             FDR_POINTERS   0x002582    program     static Z:\alden On My Mac\Projects\proj34_wClockProd\Firmware\wClock_PRODUCTION_CANDIDATE_100418\led_fader.asm
    FDR_SET_FDR_TABLE_PTR   0x001944    program     static Z:\alden On My Mac\Projects\proj34_wClockProd\Firmware\wClock_PRODUCTION_CANDIDATE_100418\led_fader.asm
        FDR_TEST_FDR_DONE   0x00192e    program     extern Z:\alden On My Mac\Projects\proj34_wClockProd\Firmware\wClock_PRODUCTION_CANDIDATE_100418\led_fader.asm
                  FSF_err   0x00197e    program     static Z:\alden On My Mac\Projects\proj34_wClockProd\Firmware\wClock_PRODUCTION_CANDIDATE_100418\led_fader.asm
                 FTD_DONE   0x001940    program     static Z:\alden On My Mac\Projects\proj34_wClockProd\Firmware\wClock_PRODUCTION_CANDIDATE_100418\led_fader.asm
             FTD_NOT_DONE   0x00193c    program     static Z:\alden On My Mac\Projects\proj34_wClockProd\Firmware\wClock_PRODUCTION_CANDIDATE_100418\led_fader.asm
                MAIN_LOOP   0x00004e    program     static Z:\alden On My Mac\Projects\proj34_wClockProd\Firmware\wClock_PRODUCTION_CANDIDATE_100418\wClock.asm
              MASTER_INIT   0x00214c    program     extern Z:\alden On My Mac\Projects\proj34_wClockProd\Firmware\wClock_PRODUCTION_CANDIDATE_100418\d18f4520.asm
                MSSP_INIT   0x00223a    program     static Z:\alden On My Mac\Projects\proj34_wClockProd\Firmware\wClock_PRODUCTION_CANDIDATE_100418\d18f4520.asm
               MSSP_START   0x002248    program     static Z:\alden On My Mac\Projects\proj34_wClockProd\Firmware\wClock_PRODUCTION_CANDIDATE_100418\d18f4520.asm
                MSSP_STOP   0x00223a    program     static Z:\alden On My Mac\Projects\proj34_wClockProd\Firmware\wClock_PRODUCTION_CANDIDATE_100418\d18f4520.asm
                 OSC_INIT   0x0021a0    program     static Z:\alden On My Mac\Projects\proj34_wClockProd\Firmware\wClock_PRODUCTION_CANDIDATE_100418\d18f4520.asm
                    OUTER   0x00004e    program     static Z:\alden On My Mac\Projects\proj34_wClockProd\Firmware\wClock_PRODUCTION_CANDIDATE_100418\wClock.asm
                     PCAx   0x000ab4    program     static Z:\alden On My Mac\Projects\proj34_wClockProd\Firmware\wClock_PRODUCTION_CANDIDATE_100418\led_cue.asm
                     PCOx   0x000abe    program     static Z:\alden On My Mac\Projects\proj34_wClockProd\Firmware\wClock_PRODUCTION_CANDIDATE_100418\led_cue.asm
                  PGAOD2R   0x00096c    program     static Z:\alden On My Mac\Projects\proj34_wClockProd\Firmware\wClock_PRODUCTION_CANDIDATE_100418\led_cue.asm
                  PGAOD3R   0x000984    program     static Z:\alden On My Mac\Projects\proj34_wClockProd\Firmware\wClock_PRODUCTION_CANDIDATE_100418\led_cue.asm
                  PGAOD4R   0x00099c    program     static Z:\alden On My Mac\Projects\proj34_wClockProd\Firmware\wClock_PRODUCTION_CANDIDATE_100418\led_cue.asm
                   PGAODR   0x000954    program     static Z:\alden On My Mac\Projects\proj34_wClockProd\Firmware\wClock_PRODUCTION_CANDIDATE_100418\led_cue.asm
                   PGA_01   0x000876    program     static Z:\alden On My Mac\Projects\proj34_wClockProd\Firmware\wClock_PRODUCTION_CANDIDATE_100418\led_cue.asm
                  PGA_DSP   0x000886    program     static Z:\alden On My Mac\Projects\proj34_wClockProd\Firmware\wClock_PRODUCTION_CANDIDATE_100418\led_cue.asm
                   PGA_OK   0x000a88    program     static Z:\alden On My Mac\Projects\proj34_wClockProd\Firmware\wClock_PRODUCTION_CANDIDATE_100418\led_cue.asm
               PGA_OP_ADD   0x0009a2    program     static Z:\alden On My Mac\Projects\proj34_wClockProd\Firmware\wClock_PRODUCTION_CANDIDATE_100418\led_cue.asm
           PGA_OP_ADD_AND   0x0009ac    program     static Z:\alden On My Mac\Projects\proj34_wClockProd\Firmware\wClock_PRODUCTION_CANDIDATE_100418\led_cue.asm
      PGA_OP_ADD_AND_SAVE   0x0009ba    program     static Z:\alden On My Mac\Projects\proj34_wClockProd\Firmware\wClock_PRODUCTION_CANDIDATE_100418\led_cue.asm
           PGA_OP_ADD_IND   0x0009ca    program     static Z:\alden On My Mac\Projects\proj34_wClockProd\Firmware\wClock_PRODUCTION_CANDIDATE_100418\led_cue.asm
       PGA_OP_ADD_IND_AND   0x000a00    program     static Z:\alden On My Mac\Projects\proj34_wClockProd\Firmware\wClock_PRODUCTION_CANDIDATE_100418\led_cue.asm
  PGA_OP_ADD_IND_AND_SAVE   0x000a1e    program     static Z:\alden On My Mac\Projects\proj34_wClockProd\Firmware\wClock_PRODUCTION_CANDIDATE_100418\led_cue.asm
      PGA_OP_ADD_IND_SAVE   0x0009e4    program     static Z:\alden On My Mac\Projects\proj34_wClockProd\Firmware\wClock_PRODUCTION_CANDIDATE_100418\led_cue.asm
               PGA_OP_DEC   0x00093e    program     static Z:\alden On My Mac\Projects\proj34_wClockProd\Firmware\wClock_PRODUCTION_CANDIDATE_100418\led_cue.asm
       PGA_OP_DECX2_RANGE   0x00095a    program     static Z:\alden On My Mac\Projects\proj34_wClockProd\Firmware\wClock_PRODUCTION_CANDIDATE_100418\led_cue.asm
       PGA_OP_DECX3_RANGE   0x000972    program     static Z:\alden On My Mac\Projects\proj34_wClockProd\Firmware\wClock_PRODUCTION_CANDIDATE_100418\led_cue.asm
       PGA_OP_DECX4_RANGE   0x00098a    program     static Z:\alden On My Mac\Projects\proj34_wClockProd\Firmware\wClock_PRODUCTION_CANDIDATE_100418\led_cue.asm
         PGA_OP_DEC_RANGE   0x000946    program     static Z:\alden On My Mac\Projects\proj34_wClockProd\Firmware\wClock_PRODUCTION_CANDIDATE_100418\led_cue.asm
               PGA_OP_INC   0x0008e8    program     static Z:\alden On My Mac\Projects\proj34_wClockProd\Firmware\wClock_PRODUCTION_CANDIDATE_100418\led_cue.asm
       PGA_OP_INCX2_RANGE   0x000902    program     static Z:\alden On My Mac\Projects\proj34_wClockProd\Firmware\wClock_PRODUCTION_CANDIDATE_100418\led_cue.asm
       PGA_OP_INCX3_RANGE   0x000916    program     static Z:\alden On My Mac\Projects\proj34_wClockProd\Firmware\wClock_PRODUCTION_CANDIDATE_100418\led_cue.asm
       PGA_OP_INCX4_RANGE   0x00092a    program     static Z:\alden On My Mac\Projects\proj34_wClockProd\Firmware\wClock_PRODUCTION_CANDIDATE_100418\led_cue.asm
         PGA_OP_INC_RANGE   0x0008f0    program     static Z:\alden On My Mac\Projects\proj34_wClockProd\Firmware\wClock_PRODUCTION_CANDIDATE_100418\led_cue.asm
               PGA_OP_LIT   0x0008e6    program     static Z:\alden On My Mac\Projects\proj34_wClockProd\Firmware\wClock_PRODUCTION_CANDIDATE_100418\led_cue.asm
              PGA_OP_RAND   0x000a68    program     static Z:\alden On My Mac\Projects\proj34_wClockProd\Firmware\wClock_PRODUCTION_CANDIDATE_100418\led_cue.asm
        PGA_OP_RAND_RANGE   0x000a72    program     static Z:\alden On My Mac\Projects\proj34_wClockProd\Firmware\wClock_PRODUCTION_CANDIDATE_100418\led_cue.asm
               PGA_OP_SUB   0x000a3e    program     static Z:\alden On My Mac\Projects\proj34_wClockProd\Firmware\wClock_PRODUCTION_CANDIDATE_100418\led_cue.asm
           PGA_OP_SUB_AND   0x000a48    program     static Z:\alden On My Mac\Projects\proj34_wClockProd\Firmware\wClock_PRODUCTION_CANDIDATE_100418\led_cue.asm
      PGA_OP_SUB_AND_SAVE   0x000a56    program     static Z:\alden On My Mac\Projects\proj34_wClockProd\Firmware\wClock_PRODUCTION_CANDIDATE_100418\led_cue.asm
           PGA_OP_SUB_IND   0x000a66    program     static Z:\alden On My Mac\Projects\proj34_wClockProd\Firmware\wClock_PRODUCTION_CANDIDATE_100418\led_cue.asm
       PGA_OP_SUB_IND_AND   0x000a66    program     static Z:\alden On My Mac\Projects\proj34_wClockProd\Firmware\wClock_PRODUCTION_CANDIDATE_100418\led_cue.asm
  PGA_OP_SUB_IND_AND_SAVE   0x000a66    program     static Z:\alden On My Mac\Projects\proj34_wClockProd\Firmware\wClock_PRODUCTION_CANDIDATE_100418\led_cue.asm
      PGA_OP_SUB_IND_SAVE   0x000a66    program     static Z:\alden On My Mac\Projects\proj34_wClockProd\Firmware\wClock_PRODUCTION_CANDIDATE_100418\led_cue.asm
                  PGNC_01   0x000586    program     static Z:\alden On My Mac\Projects\proj34_wClockProd\Firmware\wClock_PRODUCTION_CANDIDATE_100418\led_cue.asm
                PGNC_DONE   0x00058a    program     static Z:\alden On My Mac\Projects\proj34_wClockProd\Firmware\wClock_PRODUCTION_CANDIDATE_100418\led_cue.asm
                 PGNC_ERR   0x00058e    program     static Z:\alden On My Mac\Projects\proj34_wClockProd\Firmware\wClock_PRODUCTION_CANDIDATE_100418\led_cue.asm
                  PGNC_OK   0x000586    program     static Z:\alden On My Mac\Projects\proj34_wClockProd\Firmware\wClock_PRODUCTION_CANDIDATE_100418\led_cue.asm
                   PGP_01   0x000544    program     static Z:\alden On My Mac\Projects\proj34_wClockProd\Firmware\wClock_PRODUCTION_CANDIDATE_100418\led_cue.asm
              PGP_RESTART   0x000550    program     static Z:\alden On My Mac\Projects\proj34_wClockProd\Firmware\wClock_PRODUCTION_CANDIDATE_100418\led_cue.asm
              PLAYLIST_01   0x002544    program     static Z:\alden On My Mac\Projects\proj34_wClockProd\Firmware\wClock_PRODUCTION_CANDIDATE_100418\led_data.inc
              PLAYLIST_02   0x002548    program     static Z:\alden On My Mac\Projects\proj34_wClockProd\Firmware\wClock_PRODUCTION_CANDIDATE_100418\led_data.inc
    PLAYLIST_MASTER_TABLE   0x00253c    program     static Z:\alden On My Mac\Projects\proj34_wClockProd\Firmware\wClock_PRODUCTION_CANDIDATE_100418\led_data.inc
        PLAY_GET_NEXT_CUE   0x000566    program     static Z:\alden On My Mac\Projects\proj34_wClockProd\Firmware\wClock_PRODUCTION_CANDIDATE_100418\led_cue.asm
   PLAY_GET_NEXT_PLAYLIST   0x00053a    program     static Z:\alden On My Mac\Projects\proj34_wClockProd\Firmware\wClock_PRODUCTION_CANDIDATE_100418\led_cue.asm
   PLAY_GET_PREV_PLAYLIST   0x000540    program     static Z:\alden On My Mac\Projects\proj34_wClockProd\Firmware\wClock_PRODUCTION_CANDIDATE_100418\led_cue.asm
                PLAY_INIT   0x000528    program     extern Z:\alden On My Mac\Projects\proj34_wClockProd\Firmware\wClock_PRODUCTION_CANDIDATE_100418\led_cue.asm
        PLAY_RUN_NEXT_CUE   0x00055a    program     static Z:\alden On My Mac\Projects\proj34_wClockProd\Firmware\wClock_PRODUCTION_CANDIDATE_100418\led_cue.asm
                   PLP_01   0x00062c    program     static Z:\alden On My Mac\Projects\proj34_wClockProd\Firmware\wClock_PRODUCTION_CANDIDATE_100418\led_cue.asm
                    POAI1   0x0009d6    program     static Z:\alden On My Mac\Projects\proj34_wClockProd\Firmware\wClock_PRODUCTION_CANDIDATE_100418\led_cue.asm
                   POAIA1   0x000a0c    program     static Z:\alden On My Mac\Projects\proj34_wClockProd\Firmware\wClock_PRODUCTION_CANDIDATE_100418\led_cue.asm
                  POAIAS1   0x000a2a    program     static Z:\alden On My Mac\Projects\proj34_wClockProd\Firmware\wClock_PRODUCTION_CANDIDATE_100418\led_cue.asm
                   POAIS1   0x0009f0    program     static Z:\alden On My Mac\Projects\proj34_wClockProd\Firmware\wClock_PRODUCTION_CANDIDATE_100418\led_cue.asm
                PORT_INIT   0x001d20    program     extern Z:\alden On My Mac\Projects\proj34_wClockProd\Firmware\wClock_PRODUCTION_CANDIDATE_100418\led_ckt4520.asm
                  PRNC_OK   0x000564    program     static Z:\alden On My Mac\Projects\proj34_wClockProd\Firmware\wClock_PRODUCTION_CANDIDATE_100418\led_cue.asm
                   PS_OFF   0x0001a0    program     static Z:\alden On My Mac\Projects\proj34_wClockProd\Firmware\wClock_PRODUCTION_CANDIDATE_100418\wClock.asm
                    PS_ON   0x0001b4    program     static Z:\alden On My Mac\Projects\proj34_wClockProd\Firmware\wClock_PRODUCTION_CANDIDATE_100418\wClock.asm
                 RAM_INIT   0x0021b6    program     static Z:\alden On My Mac\Projects\proj34_wClockProd\Firmware\wClock_PRODUCTION_CANDIDATE_100418\d18f4520.asm
                     RAND   0x000ac0    program     static Z:\alden On My Mac\Projects\proj34_wClockProd\Firmware\wClock_PRODUCTION_CANDIDATE_100418\led_cue.asm
                    RAND1   0x000ac6    program     static Z:\alden On My Mac\Projects\proj34_wClockProd\Firmware\wClock_PRODUCTION_CANDIDATE_100418\led_cue.asm
         RECIPROCAL_TABLE   0x0023d2    program     static Z:\alden On My Mac\Projects\proj34_wClockProd\Firmware\wClock_PRODUCTION_CANDIDATE_100418\led_fader.asm
               RESET_INIT   0x002188    program     static Z:\alden On My Mac\Projects\proj34_wClockProd\Firmware\wClock_PRODUCTION_CANDIDATE_100418\d18f4520.asm
                     RT_0   0x0021ba    program     static Z:\alden On My Mac\Projects\proj34_wClockProd\Firmware\wClock_PRODUCTION_CANDIDATE_100418\d18f4520.asm
                    START   0x00002a    program     static Z:\alden On My Mac\Projects\proj34_wClockProd\Firmware\wClock_PRODUCTION_CANDIDATE_100418\wClock.asm
              SWITCH_INIT   0x000162    program     static Z:\alden On My Mac\Projects\proj34_wClockProd\Firmware\wClock_PRODUCTION_CANDIDATE_100418\wClock.asm
        SWITCH_PROCESSING   0x00016a    program     static Z:\alden On My Mac\Projects\proj34_wClockProd\Firmware\wClock_PRODUCTION_CANDIDATE_100418\wClock.asm
              SWITCH_READ   0x000196    program     static Z:\alden On My Mac\Projects\proj34_wClockProd\Firmware\wClock_PRODUCTION_CANDIDATE_100418\wClock.asm
                    SW_ON   0x000178    program     static Z:\alden On My Mac\Projects\proj34_wClockProd\Firmware\wClock_PRODUCTION_CANDIDATE_100418\wClock.asm
                SW_RISING   0x00017e    program     static Z:\alden On My Mac\Projects\proj34_wClockProd\Firmware\wClock_PRODUCTION_CANDIDATE_100418\wClock.asm
                  T0_INIT   0x000144    program     extern Z:\alden On My Mac\Projects\proj34_wClockProd\Firmware\wClock_PRODUCTION_CANDIDATE_100418\wClock.asm
                 T0_START   0x00014e    program     extern Z:\alden On My Mac\Projects\proj34_wClockProd\Firmware\wClock_PRODUCTION_CANDIDATE_100418\wClock.asm
                  T0_STOP   0x000144    program     extern Z:\alden On My Mac\Projects\proj34_wClockProd\Firmware\wClock_PRODUCTION_CANDIDATE_100418\wClock.asm
                  T1_INIT   0x001d00    program     extern Z:\alden On My Mac\Projects\proj34_wClockProd\Firmware\wClock_PRODUCTION_CANDIDATE_100418\led_ckt4520.asm
                 T1_START   0x001d0c    program     extern Z:\alden On My Mac\Projects\proj34_wClockProd\Firmware\wClock_PRODUCTION_CANDIDATE_100418\led_ckt4520.asm
                  T1_STOP   0x001d00    program     extern Z:\alden On My Mac\Projects\proj34_wClockProd\Firmware\wClock_PRODUCTION_CANDIDATE_100418\led_ckt4520.asm
                  T2_INIT   0x0021e8    program     static Z:\alden On My Mac\Projects\proj34_wClockProd\Firmware\wClock_PRODUCTION_CANDIDATE_100418\d18f4520.asm
                 T2_START   0x0021f4    program     static Z:\alden On My Mac\Projects\proj34_wClockProd\Firmware\wClock_PRODUCTION_CANDIDATE_100418\d18f4520.asm
                  T2_STOP   0x0021e8    program     static Z:\alden On My Mac\Projects\proj34_wClockProd\Firmware\wClock_PRODUCTION_CANDIDATE_100418\d18f4520.asm
                  T3_INIT   0x002204    program     static Z:\alden On My Mac\Projects\proj34_wClockProd\Firmware\wClock_PRODUCTION_CANDIDATE_100418\d18f4520.asm
                 T3_START   0x002210    program     static Z:\alden On My Mac\Projects\proj34_wClockProd\Firmware\wClock_PRODUCTION_CANDIDATE_100418\d18f4520.asm
                  T3_STOP   0x002204    program     static Z:\alden On My Mac\Projects\proj34_wClockProd\Firmware\wClock_PRODUCTION_CANDIDATE_100418\d18f4520.asm
               UNIT_TESTS   0x00004c    program     static Z:\alden On My Mac\Projects\proj34_wClockProd\Firmware\wClock_PRODUCTION_CANDIDATE_100418\wClock.asm
                  UPGC_00   0x00201c    program     static Z:\alden On My Mac\Projects\proj34_wClockProd\Firmware\wClock_PRODUCTION_CANDIDATE_100418\led_cue.asm
                  UPGC_01   0x002026    program     static Z:\alden On My Mac\Projects\proj34_wClockProd\Firmware\wClock_PRODUCTION_CANDIDATE_100418\led_cue.asm
                  UPGC_02   0x002031    program     static Z:\alden On My Mac\Projects\proj34_wClockProd\Firmware\wClock_PRODUCTION_CANDIDATE_100418\led_cue.asm
                  UPGC_03   0x00203e    program     static Z:\alden On My Mac\Projects\proj34_wClockProd\Firmware\wClock_PRODUCTION_CANDIDATE_100418\led_cue.asm
                  UPGC_04   0x00204d    program     static Z:\alden On My Mac\Projects\proj34_wClockProd\Firmware\wClock_PRODUCTION_CANDIDATE_100418\led_cue.asm
                  UPGC_05   0x002057    program     static Z:\alden On My Mac\Projects\proj34_wClockProd\Firmware\wClock_PRODUCTION_CANDIDATE_100418\led_cue.asm
                  UPSA_00   0x001f84    program     static Z:\alden On My Mac\Projects\proj34_wClockProd\Firmware\wClock_PRODUCTION_CANDIDATE_100418\led_cue.asm
                  UPSA_01   0x001f88    program     static Z:\alden On My Mac\Projects\proj34_wClockProd\Firmware\wClock_PRODUCTION_CANDIDATE_100418\led_cue.asm
                  UPSA_02   0x001f8c    program     static Z:\alden On My Mac\Projects\proj34_wClockProd\Firmware\wClock_PRODUCTION_CANDIDATE_100418\led_cue.asm
                  UPSA_03   0x001f92    program     static Z:\alden On My Mac\Projects\proj34_wClockProd\Firmware\wClock_PRODUCTION_CANDIDATE_100418\led_cue.asm
                  UPSA_04   0x001f98    program     static Z:\alden On My Mac\Projects\proj34_wClockProd\Firmware\wClock_PRODUCTION_CANDIDATE_100418\led_cue.asm
                  UPSA_05   0x001f9e    program     static Z:\alden On My Mac\Projects\proj34_wClockProd\Firmware\wClock_PRODUCTION_CANDIDATE_100418\led_cue.asm
                  UPSA_06   0x001fa4    program     static Z:\alden On My Mac\Projects\proj34_wClockProd\Firmware\wClock_PRODUCTION_CANDIDATE_100418\led_cue.asm
                  UPSA_07   0x001fa8    program     static Z:\alden On My Mac\Projects\proj34_wClockProd\Firmware\wClock_PRODUCTION_CANDIDATE_100418\led_cue.asm
                  UPSA_08   0x001fae    program     static Z:\alden On My Mac\Projects\proj34_wClockProd\Firmware\wClock_PRODUCTION_CANDIDATE_100418\led_cue.asm
                  UPSA_09   0x001fb4    program     static Z:\alden On My Mac\Projects\proj34_wClockProd\Firmware\wClock_PRODUCTION_CANDIDATE_100418\led_cue.asm
                  UPSA_10   0x001fba    program     static Z:\alden On My Mac\Projects\proj34_wClockProd\Firmware\wClock_PRODUCTION_CANDIDATE_100418\led_cue.asm
                  UPSA_11   0x001fc0    program     static Z:\alden On My Mac\Projects\proj34_wClockProd\Firmware\wClock_PRODUCTION_CANDIDATE_100418\led_cue.asm
                  UPSA_12   0x001fc5    program     static Z:\alden On My Mac\Projects\proj34_wClockProd\Firmware\wClock_PRODUCTION_CANDIDATE_100418\led_cue.asm
                  UPSA_13   0x001fcb    program     static Z:\alden On My Mac\Projects\proj34_wClockProd\Firmware\wClock_PRODUCTION_CANDIDATE_100418\led_cue.asm
                  UPSA_14   0x001fd1    program     static Z:\alden On My Mac\Projects\proj34_wClockProd\Firmware\wClock_PRODUCTION_CANDIDATE_100418\led_cue.asm
                  UPSA_15   0x001fd7    program     static Z:\alden On My Mac\Projects\proj34_wClockProd\Firmware\wClock_PRODUCTION_CANDIDATE_100418\led_cue.asm
                  UPSA_16   0x001fdd    program     static Z:\alden On My Mac\Projects\proj34_wClockProd\Firmware\wClock_PRODUCTION_CANDIDATE_100418\led_cue.asm
                  UPSA_17   0x001fe3    program     static Z:\alden On My Mac\Projects\proj34_wClockProd\Firmware\wClock_PRODUCTION_CANDIDATE_100418\led_cue.asm
                  UPSA_18   0x001fe9    program     static Z:\alden On My Mac\Projects\proj34_wClockProd\Firmware\wClock_PRODUCTION_CANDIDATE_100418\led_cue.asm
                  UPSA_19   0x001fee    program     static Z:\alden On My Mac\Projects\proj34_wClockProd\Firmware\wClock_PRODUCTION_CANDIDATE_100418\led_cue.asm
                  UPSA_20   0x001ff4    program     static Z:\alden On My Mac\Projects\proj34_wClockProd\Firmware\wClock_PRODUCTION_CANDIDATE_100418\led_cue.asm
                  UPSA_21   0x001ffa    program     static Z:\alden On My Mac\Projects\proj34_wClockProd\Firmware\wClock_PRODUCTION_CANDIDATE_100418\led_cue.asm
                  UPSA_22   0x002000    program     static Z:\alden On My Mac\Projects\proj34_wClockProd\Firmware\wClock_PRODUCTION_CANDIDATE_100418\led_cue.asm
                  UPSA_23   0x002006    program     static Z:\alden On My Mac\Projects\proj34_wClockProd\Firmware\wClock_PRODUCTION_CANDIDATE_100418\led_cue.asm
                  UPSA_24   0x00200c    program     static Z:\alden On My Mac\Projects\proj34_wClockProd\Firmware\wClock_PRODUCTION_CANDIDATE_100418\led_cue.asm
                  UPSA_25   0x002012    program     static Z:\alden On My Mac\Projects\proj34_wClockProd\Firmware\wClock_PRODUCTION_CANDIDATE_100418\led_cue.asm
                  UPSA_26   0x002016    program     static Z:\alden On My Mac\Projects\proj34_wClockProd\Firmware\wClock_PRODUCTION_CANDIDATE_100418\led_cue.asm
               USART_INIT   0x00225c    program     static Z:\alden On My Mac\Projects\proj34_wClockProd\Firmware\wClock_PRODUCTION_CANDIDATE_100418\d18f4520.asm
              USART_START   0x002276    program     static Z:\alden On My Mac\Projects\proj34_wClockProd\Firmware\wClock_PRODUCTION_CANDIDATE_100418\d18f4520.asm
               USART_STOP   0x00225c    program     static Z:\alden On My Mac\Projects\proj34_wClockProd\Firmware\wClock_PRODUCTION_CANDIDATE_100418\d18f4520.asm
                    UTCAP   0x0001d0    program     static Z:\alden On My Mac\Projects\proj34_wClockProd\Firmware\wClock_PRODUCTION_CANDIDATE_100418\wClock.asm
                   UTETxx   0x001d44    program     static Z:\alden On My Mac\Projects\proj34_wClockProd\Firmware\wClock_PRODUCTION_CANDIDATE_100418\led_ckt4520.asm
                   UTRCRT   0x0001da    program     static Z:\alden On My Mac\Projects\proj34_wClockProd\Firmware\wClock_PRODUCTION_CANDIDATE_100418\wClock.asm
                    UT_C1   0x0023cc    program     static Z:\alden On My Mac\Projects\proj34_wClockProd\Firmware\wClock_PRODUCTION_CANDIDATE_100418\led_fader.asm
                   UT_CKT   0x001d36    program     extern Z:\alden On My Mac\Projects\proj34_wClockProd\Firmware\wClock_PRODUCTION_CANDIDATE_100418\led_ckt4520.asm
 UT_CKT_WRITE_CHANNEL_HSB   0x001dd8    program     static Z:\alden On My Mac\Projects\proj34_wClockProd\Firmware\wClock_PRODUCTION_CANDIDATE_100418\led_ckt4520.asm
     UT_CKT_WRITE_CIRCUIT   0x001d46    program     static Z:\alden On My Mac\Projects\proj34_wClockProd\Firmware\wClock_PRODUCTION_CANDIDATE_100418\led_ckt4520.asm
                  UT_CLA1   0x002356    program     static Z:\alden On My Mac\Projects\proj34_wClockProd\Firmware\wClock_PRODUCTION_CANDIDATE_100418\led_fader.asm
                  UT_CLA2   0x00236e    program     static Z:\alden On My Mac\Projects\proj34_wClockProd\Firmware\wClock_PRODUCTION_CANDIDATE_100418\led_fader.asm
                  UT_CLKX   0x0001ea    program     static Z:\alden On My Mac\Projects\proj34_wClockProd\Firmware\wClock_PRODUCTION_CANDIDATE_100418\wClock.asm
                   UT_CMD   0x0022a2    program     extern Z:\alden On My Mac\Projects\proj34_wClockProd\Firmware\wClock_PRODUCTION_CANDIDATE_100418\led_fader.asm
            UT_CMD_LOADER   0x002374    program     static Z:\alden On My Mac\Projects\proj34_wClockProd\Firmware\wClock_PRODUCTION_CANDIDATE_100418\led_fader.asm
        UT_CMD_LOADER_ALL   0x002352    program     static Z:\alden On My Mac\Projects\proj34_wClockProd\Firmware\wClock_PRODUCTION_CANDIDATE_100418\led_fader.asm
        UT_CMD_LOADER_HSB   0x00232e    program     static Z:\alden On My Mac\Projects\proj34_wClockProd\Firmware\wClock_PRODUCTION_CANDIDATE_100418\led_fader.asm
      UT_CUE_GET_ARGUMENT   0x000c9c    program     static Z:\alden On My Mac\Projects\proj34_wClockProd\Firmware\wClock_PRODUCTION_CANDIDATE_100418\led_cue.asm
      UT_CUE_GET_COMMMAND   0x000d78    program     static Z:\alden On My Mac\Projects\proj34_wClockProd\Firmware\wClock_PRODUCTION_CANDIDATE_100418\led_cue.asm
          UT_CUE_GET_NEXT   0x000d88    program     static Z:\alden On My Mac\Projects\proj34_wClockProd\Firmware\wClock_PRODUCTION_CANDIDATE_100418\led_cue.asm
          UT_CUE_LOAD_CUE   0x000b04    program     static Z:\alden On My Mac\Projects\proj34_wClockProd\Firmware\wClock_PRODUCTION_CANDIDATE_100418\led_cue.asm
           UT_CUE_RUN_CUE   0x000ada    program     static Z:\alden On My Mac\Projects\proj34_wClockProd\Firmware\wClock_PRODUCTION_CANDIDATE_100418\led_cue.asm
      UT_CUE_SET_ARGUMENT   0x000b12    program     static Z:\alden On My Mac\Projects\proj34_wClockProd\Firmware\wClock_PRODUCTION_CANDIDATE_100418\led_cue.asm
UT_CYCLE_ADVANCE_PRESCALE   0x0001cc    program     static Z:\alden On My Mac\Projects\proj34_wClockProd\Firmware\wClock_PRODUCTION_CANDIDATE_100418\wClock.asm
      UT_CYCLE_PROCESSING   0x0001ee    program     static Z:\alden On My Mac\Projects\proj34_wClockProd\Firmware\wClock_PRODUCTION_CANDIDATE_100418\wClock.asm
     UT_CYCLE_RUN_CHANNEL   0x0001d8    program     static Z:\alden On My Mac\Projects\proj34_wClockProd\Firmware\wClock_PRODUCTION_CANDIDATE_100418\wClock.asm
       UT_DUTY_CYCLE_TEST   0x001e18    program     static Z:\alden On My Mac\Projects\proj34_wClockProd\Firmware\wClock_PRODUCTION_CANDIDATE_100418\led_ckt4520.asm
       UT_ELECTRICAL_TEST   0x001d3c    program     static Z:\alden On My Mac\Projects\proj34_wClockProd\Firmware\wClock_PRODUCTION_CANDIDATE_100418\led_ckt4520.asm
UT_FDR_COMPUTE_RECIPROCAL   0x0022a8    program     static Z:\alden On My Mac\Projects\proj34_wClockProd\Firmware\wClock_PRODUCTION_CANDIDATE_100418\led_fader.asm
          UT_FDR_DISPATCH   0x0023bc    program     static Z:\alden On My Mac\Projects\proj34_wClockProd\Firmware\wClock_PRODUCTION_CANDIDATE_100418\led_fader.asm
 UT_FDR_SET_FDR_TABLE_PTR   0x0022de    program     static Z:\alden On My Mac\Projects\proj34_wClockProd\Firmware\wClock_PRODUCTION_CANDIDATE_100418\led_fader.asm
    UT_LOAD_CIRCUIT_TABLE   0x001dda    program     static Z:\alden On My Mac\Projects\proj34_wClockProd\Firmware\wClock_PRODUCTION_CANDIDATE_100418\led_ckt4520.asm
                  UT_MAIN   0x0001c6    program     static Z:\alden On My Mac\Projects\proj34_wClockProd\Firmware\wClock_PRODUCTION_CANDIDATE_100418\wClock.asm
                  UT_PLAY   0x000ad4    program     extern Z:\alden On My Mac\Projects\proj34_wClockProd\Firmware\wClock_PRODUCTION_CANDIDATE_100418\led_cue.asm
                 UT_TEST1   0x002061    program     static Z:\alden On My Mac\Projects\proj34_wClockProd\Firmware\wClock_PRODUCTION_CANDIDATE_100418\led_cue.asm
                 UT_TEST2   0x002090    program     static Z:\alden On My Mac\Projects\proj34_wClockProd\Firmware\wClock_PRODUCTION_CANDIDATE_100418\led_cue.asm
            UT_TEST_CLOCK   0x0001e6    program     static Z:\alden On My Mac\Projects\proj34_wClockProd\Firmware\wClock_PRODUCTION_CANDIDATE_100418\wClock.asm
         UT_WALK_PLAYLIST   0x000ae6    program     static Z:\alden On My Mac\Projects\proj34_wClockProd\Firmware\wClock_PRODUCTION_CANDIDATE_100418\led_cue.asm
                 WDT_INIT   0x0021aa    program     static Z:\alden On My Mac\Projects\proj34_wClockProd\Firmware\wClock_PRODUCTION_CANDIDATE_100418\d18f4520.asm
                WDT_START   0x0021b0    program     extern Z:\alden On My Mac\Projects\proj34_wClockProd\Firmware\wClock_PRODUCTION_CANDIDATE_100418\d18f4520.asm
                 WDT_STOP   0x0021aa    program     static Z:\alden On My Mac\Projects\proj34_wClockProd\Firmware\wClock_PRODUCTION_CANDIDATE_100418\d18f4520.asm
              _100restart   0x000cf6    program     static Z:\alden On My Mac\Projects\proj34_wClockProd\Firmware\wClock_PRODUCTION_CANDIDATE_100418\led_cue.asm
              _101restart   0x000cfe    program     static Z:\alden On My Mac\Projects\proj34_wClockProd\Firmware\wClock_PRODUCTION_CANDIDATE_100418\led_cue.asm
              _102restart   0x000d06    program     static Z:\alden On My Mac\Projects\proj34_wClockProd\Firmware\wClock_PRODUCTION_CANDIDATE_100418\led_cue.asm
              _103restart   0x000d0e    program     static Z:\alden On My Mac\Projects\proj34_wClockProd\Firmware\wClock_PRODUCTION_CANDIDATE_100418\led_cue.asm
              _104restart   0x000d16    program     static Z:\alden On My Mac\Projects\proj34_wClockProd\Firmware\wClock_PRODUCTION_CANDIDATE_100418\led_cue.asm
              _105restart   0x000d1e    program     static Z:\alden On My Mac\Projects\proj34_wClockProd\Firmware\wClock_PRODUCTION_CANDIDATE_100418\led_cue.asm
              _106restart   0x000d26    program     static Z:\alden On My Mac\Projects\proj34_wClockProd\Firmware\wClock_PRODUCTION_CANDIDATE_100418\led_cue.asm
              _107restart   0x000d2e    program     static Z:\alden On My Mac\Projects\proj34_wClockProd\Firmware\wClock_PRODUCTION_CANDIDATE_100418\led_cue.asm
              _108restart   0x000d36    program     static Z:\alden On My Mac\Projects\proj34_wClockProd\Firmware\wClock_PRODUCTION_CANDIDATE_100418\led_cue.asm
              _109restart   0x000d3e    program     static Z:\alden On My Mac\Projects\proj34_wClockProd\Firmware\wClock_PRODUCTION_CANDIDATE_100418\led_cue.asm
            _10table_base   0x001704    program     static Z:\alden On My Mac\Projects\proj34_wClockProd\Firmware\wClock_PRODUCTION_CANDIDATE_100418\led_fader.asm
              _110restart   0x000d46    program     static Z:\alden On My Mac\Projects\proj34_wClockProd\Firmware\wClock_PRODUCTION_CANDIDATE_100418\led_cue.asm
              _111restart   0x000d4e    program     static Z:\alden On My Mac\Projects\proj34_wClockProd\Firmware\wClock_PRODUCTION_CANDIDATE_100418\led_cue.asm
              _112restart   0x000d56    program     static Z:\alden On My Mac\Projects\proj34_wClockProd\Firmware\wClock_PRODUCTION_CANDIDATE_100418\led_cue.asm
              _113restart   0x000d5e    program     static Z:\alden On My Mac\Projects\proj34_wClockProd\Firmware\wClock_PRODUCTION_CANDIDATE_100418\led_cue.asm
              _114restart   0x000d66    program     static Z:\alden On My Mac\Projects\proj34_wClockProd\Firmware\wClock_PRODUCTION_CANDIDATE_100418\led_cue.asm
              _115restart   0x000d6e    program     static Z:\alden On My Mac\Projects\proj34_wClockProd\Firmware\wClock_PRODUCTION_CANDIDATE_100418\led_cue.asm
             _1table_base   0x001548    program     static Z:\alden On My Mac\Projects\proj34_wClockProd\Firmware\wClock_PRODUCTION_CANDIDATE_100418\led_fader.asm
            _56table_base   0x00066c    program     static Z:\alden On My Mac\Projects\proj34_wClockProd\Firmware\wClock_PRODUCTION_CANDIDATE_100418\led_cue.asm
            _57table_base   0x000712    program     static Z:\alden On My Mac\Projects\proj34_wClockProd\Firmware\wClock_PRODUCTION_CANDIDATE_100418\led_cue.asm
            _58table_base   0x0007fc    program     static Z:\alden On My Mac\Projects\proj34_wClockProd\Firmware\wClock_PRODUCTION_CANDIDATE_100418\led_cue.asm
            _59table_base   0x0008b0    program     static Z:\alden On My Mac\Projects\proj34_wClockProd\Firmware\wClock_PRODUCTION_CANDIDATE_100418\led_cue.asm
               _89restart   0x000c9c    program     static Z:\alden On My Mac\Projects\proj34_wClockProd\Firmware\wClock_PRODUCTION_CANDIDATE_100418\led_cue.asm
               _90restart   0x000ca4    program     static Z:\alden On My Mac\Projects\proj34_wClockProd\Firmware\wClock_PRODUCTION_CANDIDATE_100418\led_cue.asm
               _91restart   0x000cac    program     static Z:\alden On My Mac\Projects\proj34_wClockProd\Firmware\wClock_PRODUCTION_CANDIDATE_100418\led_cue.asm
               _92restart   0x000cb6    program     static Z:\alden On My Mac\Projects\proj34_wClockProd\Firmware\wClock_PRODUCTION_CANDIDATE_100418\led_cue.asm
               _93restart   0x000cbe    program     static Z:\alden On My Mac\Projects\proj34_wClockProd\Firmware\wClock_PRODUCTION_CANDIDATE_100418\led_cue.asm
               _94restart   0x000cc6    program     static Z:\alden On My Mac\Projects\proj34_wClockProd\Firmware\wClock_PRODUCTION_CANDIDATE_100418\led_cue.asm
               _95restart   0x000cce    program     static Z:\alden On My Mac\Projects\proj34_wClockProd\Firmware\wClock_PRODUCTION_CANDIDATE_100418\led_cue.asm
               _96restart   0x000cd6    program     static Z:\alden On My Mac\Projects\proj34_wClockProd\Firmware\wClock_PRODUCTION_CANDIDATE_100418\led_cue.asm
               _97restart   0x000cde    program     static Z:\alden On My Mac\Projects\proj34_wClockProd\Firmware\wClock_PRODUCTION_CANDIDATE_100418\led_cue.asm
               _98restart   0x000ce6    program     static Z:\alden On My Mac\Projects\proj34_wClockProd\Firmware\wClock_PRODUCTION_CANDIDATE_100418\led_cue.asm
               _99restart   0x000cee    program     static Z:\alden On My Mac\Projects\proj34_wClockProd\Firmware\wClock_PRODUCTION_CANDIDATE_100418\led_cue.asm
    _PLAY_DECR_MASTER_PTR   0x0005a6    program     static Z:\alden On My Mac\Projects\proj34_wClockProd\Firmware\wClock_PRODUCTION_CANDIDATE_100418\led_cue.asm
    _PLAY_INCR_MASTER_PTR   0x00059c    program     static Z:\alden On My Mac\Projects\proj34_wClockProd\Firmware\wClock_PRODUCTION_CANDIDATE_100418\led_cue.asm
      _PLAY_INCR_PLAY_PTR   0x0005c6    program     static Z:\alden On My Mac\Projects\proj34_wClockProd\Firmware\wClock_PRODUCTION_CANDIDATE_100418\led_cue.asm
   _PLAY_RESET_MASTER_PTR   0x000592    program     static Z:\alden On My Mac\Projects\proj34_wClockProd\Firmware\wClock_PRODUCTION_CANDIDATE_100418\led_cue.asm
        _PLAY_SET_CUE_PTR   0x0005d0    program     static Z:\alden On My Mac\Projects\proj34_wClockProd\Firmware\wClock_PRODUCTION_CANDIDATE_100418\led_cue.asm
       _PLAY_SET_PLAY_PTR   0x0005b0    program     static Z:\alden On My Mac\Projects\proj34_wClockProd\Firmware\wClock_PRODUCTION_CANDIDATE_100418\led_cue.asm
                   _b0off   0x001a14    program     static Z:\alden On My Mac\Projects\proj34_wClockProd\Firmware\wClock_PRODUCTION_CANDIDATE_100418\led_ckt4520.asm
                    _b0on   0x0019f4    program     static Z:\alden On My Mac\Projects\proj34_wClockProd\Firmware\wClock_PRODUCTION_CANDIDATE_100418\led_ckt4520.asm
                   _b1off   0x001a54    program     static Z:\alden On My Mac\Projects\proj34_wClockProd\Firmware\wClock_PRODUCTION_CANDIDATE_100418\led_ckt4520.asm
                    _b1on   0x001a34    program     static Z:\alden On My Mac\Projects\proj34_wClockProd\Firmware\wClock_PRODUCTION_CANDIDATE_100418\led_ckt4520.asm
                   _b2off   0x001a94    program     static Z:\alden On My Mac\Projects\proj34_wClockProd\Firmware\wClock_PRODUCTION_CANDIDATE_100418\led_ckt4520.asm
                    _b2on   0x001a74    program     static Z:\alden On My Mac\Projects\proj34_wClockProd\Firmware\wClock_PRODUCTION_CANDIDATE_100418\led_ckt4520.asm
                   _b3off   0x001ad4    program     static Z:\alden On My Mac\Projects\proj34_wClockProd\Firmware\wClock_PRODUCTION_CANDIDATE_100418\led_ckt4520.asm
                    _b3on   0x001ab4    program     static Z:\alden On My Mac\Projects\proj34_wClockProd\Firmware\wClock_PRODUCTION_CANDIDATE_100418\led_ckt4520.asm
                   _b4off   0x001b14    program     static Z:\alden On My Mac\Projects\proj34_wClockProd\Firmware\wClock_PRODUCTION_CANDIDATE_100418\led_ckt4520.asm
                    _b4on   0x001af4    program     static Z:\alden On My Mac\Projects\proj34_wClockProd\Firmware\wClock_PRODUCTION_CANDIDATE_100418\led_ckt4520.asm
                   _b5off   0x001b54    program     static Z:\alden On My Mac\Projects\proj34_wClockProd\Firmware\wClock_PRODUCTION_CANDIDATE_100418\led_ckt4520.asm
                    _b5on   0x001b34    program     static Z:\alden On My Mac\Projects\proj34_wClockProd\Firmware\wClock_PRODUCTION_CANDIDATE_100418\led_ckt4520.asm
                   _b6off   0x001b96    program     static Z:\alden On My Mac\Projects\proj34_wClockProd\Firmware\wClock_PRODUCTION_CANDIDATE_100418\led_ckt4520.asm
                    _b6on   0x001b76    program     static Z:\alden On My Mac\Projects\proj34_wClockProd\Firmware\wClock_PRODUCTION_CANDIDATE_100418\led_ckt4520.asm
                   _b7off   0x001bd6    program     static Z:\alden On My Mac\Projects\proj34_wClockProd\Firmware\wClock_PRODUCTION_CANDIDATE_100418\led_ckt4520.asm
                  _b7offX   0x001bf6    program     static Z:\alden On My Mac\Projects\proj34_wClockProd\Firmware\wClock_PRODUCTION_CANDIDATE_100418\led_ckt4520.asm
                    _b7on   0x001bb6    program     static Z:\alden On My Mac\Projects\proj34_wClockProd\Firmware\wClock_PRODUCTION_CANDIDATE_100418\led_ckt4520.asm
                  _hour00   0x000472    program     static Z:\alden On My Mac\Projects\proj34_wClockProd\Firmware\wClock_PRODUCTION_CANDIDATE_100418\led_cue.asm
                  _hour01   0x000480    program     static Z:\alden On My Mac\Projects\proj34_wClockProd\Firmware\wClock_PRODUCTION_CANDIDATE_100418\led_cue.asm
                  _hour02   0x00048e    program     static Z:\alden On My Mac\Projects\proj34_wClockProd\Firmware\wClock_PRODUCTION_CANDIDATE_100418\led_cue.asm
                  _hour03   0x00049c    program     static Z:\alden On My Mac\Projects\proj34_wClockProd\Firmware\wClock_PRODUCTION_CANDIDATE_100418\led_cue.asm
                  _hour04   0x0004aa    program     static Z:\alden On My Mac\Projects\proj34_wClockProd\Firmware\wClock_PRODUCTION_CANDIDATE_100418\led_cue.asm
                  _hour05   0x0004b8    program     static Z:\alden On My Mac\Projects\proj34_wClockProd\Firmware\wClock_PRODUCTION_CANDIDATE_100418\led_cue.asm
                  _hour06   0x0004c6    program     static Z:\alden On My Mac\Projects\proj34_wClockProd\Firmware\wClock_PRODUCTION_CANDIDATE_100418\led_cue.asm
                  _hour07   0x0004d4    program     static Z:\alden On My Mac\Projects\proj34_wClockProd\Firmware\wClock_PRODUCTION_CANDIDATE_100418\led_cue.asm
                  _hour08   0x0004e2    program     static Z:\alden On My Mac\Projects\proj34_wClockProd\Firmware\wClock_PRODUCTION_CANDIDATE_100418\led_cue.asm
                  _hour09   0x0004f0    program     static Z:\alden On My Mac\Projects\proj34_wClockProd\Firmware\wClock_PRODUCTION_CANDIDATE_100418\led_cue.asm
                  _hour10   0x0004fe    program     static Z:\alden On My Mac\Projects\proj34_wClockProd\Firmware\wClock_PRODUCTION_CANDIDATE_100418\led_cue.asm
                  _hour11   0x00050c    program     static Z:\alden On My Mac\Projects\proj34_wClockProd\Firmware\wClock_PRODUCTION_CANDIDATE_100418\led_cue.asm
                  _hour12   0x00051a    program     static Z:\alden On My Mac\Projects\proj34_wClockProd\Firmware\wClock_PRODUCTION_CANDIDATE_100418\led_cue.asm
                   _min00   0x00026e    program     static Z:\alden On My Mac\Projects\proj34_wClockProd\Firmware\wClock_PRODUCTION_CANDIDATE_100418\led_cue.asm
                   _min05   0x00027c    program     static Z:\alden On My Mac\Projects\proj34_wClockProd\Firmware\wClock_PRODUCTION_CANDIDATE_100418\led_cue.asm
                   _min10   0x0002ae    program     static Z:\alden On My Mac\Projects\proj34_wClockProd\Firmware\wClock_PRODUCTION_CANDIDATE_100418\led_cue.asm
                   _min15   0x0002d4    program     static Z:\alden On My Mac\Projects\proj34_wClockProd\Firmware\wClock_PRODUCTION_CANDIDATE_100418\led_cue.asm
                   _min20   0x0002fa    program     static Z:\alden On My Mac\Projects\proj34_wClockProd\Firmware\wClock_PRODUCTION_CANDIDATE_100418\led_cue.asm
                   _min25   0x000320    program     static Z:\alden On My Mac\Projects\proj34_wClockProd\Firmware\wClock_PRODUCTION_CANDIDATE_100418\led_cue.asm
                   _min30   0x00035e    program     static Z:\alden On My Mac\Projects\proj34_wClockProd\Firmware\wClock_PRODUCTION_CANDIDATE_100418\led_cue.asm
                   _min35   0x000384    program     static Z:\alden On My Mac\Projects\proj34_wClockProd\Firmware\wClock_PRODUCTION_CANDIDATE_100418\led_cue.asm
                   _min40   0x0003b6    program     static Z:\alden On My Mac\Projects\proj34_wClockProd\Firmware\wClock_PRODUCTION_CANDIDATE_100418\led_cue.asm
                   _min45   0x0003e8    program     static Z:\alden On My Mac\Projects\proj34_wClockProd\Firmware\wClock_PRODUCTION_CANDIDATE_100418\led_cue.asm
                   _min50   0x00040e    program     static Z:\alden On My Mac\Projects\proj34_wClockProd\Firmware\wClock_PRODUCTION_CANDIDATE_100418\led_cue.asm
                   _min55   0x000440    program     static Z:\alden On My Mac\Projects\proj34_wClockProd\Firmware\wClock_PRODUCTION_CANDIDATE_100418\led_cue.asm
                   dct_00   0x001e3e    program     static Z:\alden On My Mac\Projects\proj34_wClockProd\Firmware\wClock_PRODUCTION_CANDIDATE_100418\led_ckt4520.asm
                   dct_A0   0x001e52    program     static Z:\alden On My Mac\Projects\proj34_wClockProd\Firmware\wClock_PRODUCTION_CANDIDATE_100418\led_ckt4520.asm
                   dct_A1   0x001e62    program     static Z:\alden On My Mac\Projects\proj34_wClockProd\Firmware\wClock_PRODUCTION_CANDIDATE_100418\led_ckt4520.asm
                   dct_A2   0x001e72    program     static Z:\alden On My Mac\Projects\proj34_wClockProd\Firmware\wClock_PRODUCTION_CANDIDATE_100418\led_ckt4520.asm
                   dct_A3   0x001e82    program     static Z:\alden On My Mac\Projects\proj34_wClockProd\Firmware\wClock_PRODUCTION_CANDIDATE_100418\led_ckt4520.asm
                   dct_A4   0x001e92    program     static Z:\alden On My Mac\Projects\proj34_wClockProd\Firmware\wClock_PRODUCTION_CANDIDATE_100418\led_ckt4520.asm
                   dct_A5   0x001ea2    program     static Z:\alden On My Mac\Projects\proj34_wClockProd\Firmware\wClock_PRODUCTION_CANDIDATE_100418\led_ckt4520.asm
                   dct_A6   0x001eb2    program     static Z:\alden On My Mac\Projects\proj34_wClockProd\Firmware\wClock_PRODUCTION_CANDIDATE_100418\led_ckt4520.asm
                   dct_A7   0x001ec2    program     static Z:\alden On My Mac\Projects\proj34_wClockProd\Firmware\wClock_PRODUCTION_CANDIDATE_100418\led_ckt4520.asm
                   dct_B0   0x001ed2    program     static Z:\alden On My Mac\Projects\proj34_wClockProd\Firmware\wClock_PRODUCTION_CANDIDATE_100418\led_ckt4520.asm
                   dct_B1   0x001ee2    program     static Z:\alden On My Mac\Projects\proj34_wClockProd\Firmware\wClock_PRODUCTION_CANDIDATE_100418\led_ckt4520.asm
                   dct_B2   0x001ef2    program     static Z:\alden On My Mac\Projects\proj34_wClockProd\Firmware\wClock_PRODUCTION_CANDIDATE_100418\led_ckt4520.asm
                   dct_B3   0x001f02    program     static Z:\alden On My Mac\Projects\proj34_wClockProd\Firmware\wClock_PRODUCTION_CANDIDATE_100418\led_ckt4520.asm
                   dct_B4   0x001f12    program     static Z:\alden On My Mac\Projects\proj34_wClockProd\Firmware\wClock_PRODUCTION_CANDIDATE_100418\led_ckt4520.asm
                   dct_B5   0x001f22    program     static Z:\alden On My Mac\Projects\proj34_wClockProd\Firmware\wClock_PRODUCTION_CANDIDATE_100418\led_ckt4520.asm
                   dct_B6   0x001f32    program     static Z:\alden On My Mac\Projects\proj34_wClockProd\Firmware\wClock_PRODUCTION_CANDIDATE_100418\led_ckt4520.asm
                   dct_B7   0x001f42    program     static Z:\alden On My Mac\Projects\proj34_wClockProd\Firmware\wClock_PRODUCTION_CANDIDATE_100418\led_ckt4520.asm
                   dct_C0   0x001f52    program     static Z:\alden On My Mac\Projects\proj34_wClockProd\Firmware\wClock_PRODUCTION_CANDIDATE_100418\led_ckt4520.asm
                   dct_C1   0x001f62    program     static Z:\alden On My Mac\Projects\proj34_wClockProd\Firmware\wClock_PRODUCTION_CANDIDATE_100418\led_ckt4520.asm
                   dct_C2   0x001f72    program     static Z:\alden On My Mac\Projects\proj34_wClockProd\Firmware\wClock_PRODUCTION_CANDIDATE_100418\led_ckt4520.asm
[...]
              USART_START   0x002276    program     static Z:\alden On My Mac\Projects\proj34_wClockProd\Firmware\wClock_PRODUCTION_CANDIDATE_100418\d18f4520.asm
                  EE_INIT   0x00229c    program     static Z:\alden On My Mac\Projects\proj34_wClockProd\Firmware\wClock_PRODUCTION_CANDIDATE_100418\d18f4520.asm
                   UT_CMD   0x0022a2    program     extern Z:\alden On My Mac\Projects\proj34_wClockProd\Firmware\wClock_PRODUCTION_CANDIDATE_100418\led_fader.asm
UT_FDR_COMPUTE_RECIPROCAL   0x0022a8    program     static Z:\alden On My Mac\Projects\proj34_wClockProd\Firmware\wClock_PRODUCTION_CANDIDATE_100418\led_fader.asm
 UT_FDR_SET_FDR_TABLE_PTR   0x0022de    program     static Z:\alden On My Mac\Projects\proj34_wClockProd\Firmware\wClock_PRODUCTION_CANDIDATE_100418\led_fader.asm
        UT_CMD_LOADER_HSB   0x00232e    program     static Z:\alden On My Mac\Projects\proj34_wClockProd\Firmware\wClock_PRODUCTION_CANDIDATE_100418\led_fader.asm
        UT_CMD_LOADER_ALL   0x002352    program     static Z:\alden On My Mac\Projects\proj34_wClockProd\Firmware\wClock_PRODUCTION_CANDIDATE_100418\led_fader.asm
                  UT_CLA1   0x002356    program     static Z:\alden On My Mac\Projects\proj34_wClockProd\Firmware\wClock_PRODUCTION_CANDIDATE_100418\led_fader.asm
                  UT_CLA2   0x00236e    program     static Z:\alden On My Mac\Projects\proj34_wClockProd\Firmware\wClock_PRODUCTION_CANDIDATE_100418\led_fader.asm
            UT_CMD_LOADER   0x002374    program     static Z:\alden On My Mac\Projects\proj34_wClockProd\Firmware\wClock_PRODUCTION_CANDIDATE_100418\led_fader.asm
          UT_FDR_DISPATCH   0x0023bc    program     static Z:\alden On My Mac\Projects\proj34_wClockProd\Firmware\wClock_PRODUCTION_CANDIDATE_100418\led_fader.asm
                    UT_C1   0x0023cc    program     static Z:\alden On My Mac\Projects\proj34_wClockProd\Firmware\wClock_PRODUCTION_CANDIDATE_100418\led_fader.asm
         RECIPROCAL_TABLE   0x0023d2    program     static Z:\alden On My Mac\Projects\proj34_wClockProd\Firmware\wClock_PRODUCTION_CANDIDATE_100418\led_fader.asm
          CKT_CHANNEL_MAP   0x0024d2    program     static Z:\alden On My Mac\Projects\proj34_wClockProd\Firmware\wClock_PRODUCTION_CANDIDATE_100418\led_ckt4520.asm
     CKT_WRITE_PARAMETERS   0x0024fe    program     static Z:\alden On My Mac\Projects\proj34_wClockProd\Firmware\wClock_PRODUCTION_CANDIDATE_100418\led_ckt4520.asm
    PLAYLIST_MASTER_TABLE   0x00253c    program     static Z:\alden On My Mac\Projects\proj34_wClockProd\Firmware\wClock_PRODUCTION_CANDIDATE_100418\led_data.inc
         CUE_NUMBER_TABLE   0x002542    program     static Z:\alden On My Mac\Projects\proj34_wClockProd\Firmware\wClock_PRODUCTION_CANDIDATE_100418\led_data.inc
              PLAYLIST_01   0x002544    program     static Z:\alden On My Mac\Projects\proj34_wClockProd\Firmware\wClock_PRODUCTION_CANDIDATE_100418\led_data.inc
              PLAYLIST_02   0x002548    program     static Z:\alden On My Mac\Projects\proj34_wClockProd\Firmware\wClock_PRODUCTION_CANDIDATE_100418\led_data.inc
          CLK_MINUTES_MAP   0x00254c    program     static Z:\alden On My Mac\Projects\proj34_wClockProd\Firmware\wClock_PRODUCTION_CANDIDATE_100418\led_data.inc
            CLK_HOURS_MAP   0x002566    program     static Z:\alden On My Mac\Projects\proj34_wClockProd\Firmware\wClock_PRODUCTION_CANDIDATE_100418\led_data.inc
             FDR_POINTERS   0x002582    program     static Z:\alden On My Mac\Projects\proj34_wClockProd\Firmware\wClock_PRODUCTION_CANDIDATE_100418\led_fader.asm
   FDR_COMPUTE_RECIPROCAL   0x0025ba    program     static Z:\alden On My Mac\Projects\proj34_wClockProd\Firmware\wClock_PRODUCTION_CANDIDATE_100418\led_fader.asm
                app_flags   0x000000       data     extern Z:\alden On My Mac\Projects\proj34_wClockProd\Firmware\wClock_PRODUCTION_CANDIDATE_100418\wClock.asm
            cycle_counter   0x000001       data     static Z:\alden On My Mac\Projects\proj34_wClockProd\Firmware\wClock_PRODUCTION_CANDIDATE_100418\wClock.asm
         cycle_counter_hi   0x000002       data     static Z:\alden On My Mac\Projects\proj34_wClockProd\Firmware\wClock_PRODUCTION_CANDIDATE_100418\wClock.asm
           cycle_prescale   0x000003       data     extern Z:\alden On My Mac\Projects\proj34_wClockProd\Firmware\wClock_PRODUCTION_CANDIDATE_100418\wClock.asm
                 clk_hour   0x000004       data     static Z:\alden On My Mac\Projects\proj34_wClockProd\Firmware\wClock_PRODUCTION_CANDIDATE_100418\wClock.asm
                  clk_min   0x000005       data     static Z:\alden On My Mac\Projects\proj34_wClockProd\Firmware\wClock_PRODUCTION_CANDIDATE_100418\wClock.asm
                  clk_sec   0x000006       data     static Z:\alden On My Mac\Projects\proj34_wClockProd\Firmware\wClock_PRODUCTION_CANDIDATE_100418\wClock.asm
               clk_subsec   0x000007       data     static Z:\alden On My Mac\Projects\proj34_wClockProd\Firmware\wClock_PRODUCTION_CANDIDATE_100418\wClock.asm
                 sw_state   0x000008       data     static Z:\alden On My Mac\Projects\proj34_wClockProd\Firmware\wClock_PRODUCTION_CANDIDATE_100418\wClock.asm
              sw_debounce   0x000009       data     static Z:\alden On My Mac\Projects\proj34_wClockProd\Firmware\wClock_PRODUCTION_CANDIDATE_100418\wClock.asm
            sw_proc_state   0x00000a       data     static Z:\alden On My Mac\Projects\proj34_wClockProd\Firmware\wClock_PRODUCTION_CANDIDATE_100418\wClock.asm
          sw_held_counter   0x00000b       data     static Z:\alden On My Mac\Projects\proj34_wClockProd\Firmware\wClock_PRODUCTION_CANDIDATE_100418\wClock.asm
             temp_tblptrh   0x00000c       data     extern Z:\alden On My Mac\Projects\proj34_wClockProd\Firmware\wClock_PRODUCTION_CANDIDATE_100418\wClock.asm
             temp_tblptrl   0x00000d       data     extern Z:\alden On My Mac\Projects\proj34_wClockProd\Firmware\wClock_PRODUCTION_CANDIDATE_100418\wClock.asm
                 isrclk_W   0x00000e       data     static Z:\alden On My Mac\Projects\proj34_wClockProd\Firmware\wClock_PRODUCTION_CANDIDATE_100418\wClock.asm
            isrclk_status   0x00000f       data     static Z:\alden On My Mac\Projects\proj34_wClockProd\Firmware\wClock_PRODUCTION_CANDIDATE_100418\wClock.asm
                 isrckt_W   0x000010       data     static Z:\alden On My Mac\Projects\proj34_wClockProd\Firmware\wClock_PRODUCTION_CANDIDATE_100418\led_ckt4520.asm
            isrckt_status   0x000011       data     static Z:\alden On My Mac\Projects\proj34_wClockProd\Firmware\wClock_PRODUCTION_CANDIDATE_100418\led_ckt4520.asm
             isrckt_index   0x000012       data     static Z:\alden On My Mac\Projects\proj34_wClockProd\Firmware\wClock_PRODUCTION_CANDIDATE_100418\led_ckt4520.asm
                  ckt_num   0x000013       data     extern Z:\alden On My Mac\Projects\proj34_wClockProd\Firmware\wClock_PRODUCTION_CANDIDATE_100418\led_ckt4520.asm
                 ckt_temp   0x000014       data     static Z:\alden On My Mac\Projects\proj34_wClockProd\Firmware\wClock_PRODUCTION_CANDIDATE_100418\led_ckt4520.asm
                ckt_level   0x000015       data     extern Z:\alden On My Mac\Projects\proj34_wClockProd\Firmware\wClock_PRODUCTION_CANDIDATE_100418\led_ckt4520.asm
               ckt_offset   0x000016       data     static Z:\alden On My Mac\Projects\proj34_wClockProd\Firmware\wClock_PRODUCTION_CANDIDATE_100418\led_ckt4520.asm
               ckt_ormask   0x000017       data     static Z:\alden On My Mac\Projects\proj34_wClockProd\Firmware\wClock_PRODUCTION_CANDIDATE_100418\led_ckt4520.asm
              ckt_andmask   0x000018       data     static Z:\alden On My Mac\Projects\proj34_wClockProd\Firmware\wClock_PRODUCTION_CANDIDATE_100418\led_ckt4520.asm
                ckt_table   0x000019       data     static Z:\alden On My Mac\Projects\proj34_wClockProd\Firmware\wClock_PRODUCTION_CANDIDATE_100418\led_ckt4520.asm
                  chn_num   0x000041       data     extern Z:\alden On My Mac\Projects\proj34_wClockProd\Firmware\wClock_PRODUCTION_CANDIDATE_100418\led_ckt4520.asm
                chn_level   0x000042       data     extern Z:\alden On My Mac\Projects\proj34_wClockProd\Firmware\wClock_PRODUCTION_CANDIDATE_100418\led_ckt4520.asm
              ut_delay_hi   0x000043       data     static Z:\alden On My Mac\Projects\proj34_wClockProd\Firmware\wClock_PRODUCTION_CANDIDATE_100418\led_ckt4520.asm
              ut_delay_lo   0x000044       data     static Z:\alden On My Mac\Projects\proj34_wClockProd\Firmware\wClock_PRODUCTION_CANDIDATE_100418\led_ckt4520.asm
                  ut_loop   0x000045       data     static Z:\alden On My Mac\Projects\proj34_wClockProd\Firmware\wClock_PRODUCTION_CANDIDATE_100418\led_ckt4520.asm
             cue_clk_hour   0x000046       data     extern Z:\alden On My Mac\Projects\proj34_wClockProd\Firmware\wClock_PRODUCTION_CANDIDATE_100418\led_cue.asm
              cue_clk_min   0x000047       data     extern Z:\alden On My Mac\Projects\proj34_wClockProd\Firmware\wClock_PRODUCTION_CANDIDATE_100418\led_cue.asm
         cue_clk_min_five   0x000048       data     extern Z:\alden On My Mac\Projects\proj34_wClockProd\Firmware\wClock_PRODUCTION_CANDIDATE_100418\led_cue.asm
         cue_clk_min_plus   0x000049       data     extern Z:\alden On My Mac\Projects\proj34_wClockProd\Firmware\wClock_PRODUCTION_CANDIDATE_100418\led_cue.asm
       play_master_ptr_hi   0x00004a       data     static Z:\alden On My Mac\Projects\proj34_wClockProd\Firmware\wClock_PRODUCTION_CANDIDATE_100418\led_cue.asm
       play_master_ptr_lo   0x00004b       data     static Z:\alden On My Mac\Projects\proj34_wClockProd\Firmware\wClock_PRODUCTION_CANDIDATE_100418\led_cue.asm
              play_ptr_hi   0x00004c       data     static Z:\alden On My Mac\Projects\proj34_wClockProd\Firmware\wClock_PRODUCTION_CANDIDATE_100418\led_cue.asm
              play_ptr_lo   0x00004d       data     static Z:\alden On My Mac\Projects\proj34_wClockProd\Firmware\wClock_PRODUCTION_CANDIDATE_100418\led_cue.asm
               cue_ptr_hi   0x00004e       data     extern Z:\alden On My Mac\Projects\proj34_wClockProd\Firmware\wClock_PRODUCTION_CANDIDATE_100418\led_cue.asm
               cue_ptr_lo   0x00004f       data     extern Z:\alden On My Mac\Projects\proj34_wClockProd\Firmware\wClock_PRODUCTION_CANDIDATE_100418\led_cue.asm
               cue_num_hi   0x000050       data     static Z:\alden On My Mac\Projects\proj34_wClockProd\Firmware\wClock_PRODUCTION_CANDIDATE_100418\led_cue.asm
               cue_num_lo   0x000051       data     static Z:\alden On My Mac\Projects\proj34_wClockProd\Firmware\wClock_PRODUCTION_CANDIDATE_100418\led_cue.asm
         cue_fsr1_temp_hi   0x000052       data     static Z:\alden On My Mac\Projects\proj34_wClockProd\Firmware\wClock_PRODUCTION_CANDIDATE_100418\led_cue.asm
         cue_fsr1_temp_lo   0x000053       data     static Z:\alden On My Mac\Projects\proj34_wClockProd\Firmware\wClock_PRODUCTION_CANDIDATE_100418\led_cue.asm
              cue_command   0x000054       data     static Z:\alden On My Mac\Projects\proj34_wClockProd\Firmware\wClock_PRODUCTION_CANDIDATE_100418\led_cue.asm
             cue_argcount   0x000055       data     static Z:\alden On My Mac\Projects\proj34_wClockProd\Firmware\wClock_PRODUCTION_CANDIDATE_100418\led_cue.asm
               cue_argnum   0x000056       data     static Z:\alden On My Mac\Projects\proj34_wClockProd\Firmware\wClock_PRODUCTION_CANDIDATE_100418\led_cue.asm
              cue_argmask   0x000057       data     static Z:\alden On My Mac\Projects\proj34_wClockProd\Firmware\wClock_PRODUCTION_CANDIDATE_100418\led_cue.asm
           cue_argmask_hi   0x000058       data     static Z:\alden On My Mac\Projects\proj34_wClockProd\Firmware\wClock_PRODUCTION_CANDIDATE_100418\led_cue.asm
             cue_argvalue   0x000059       data     static Z:\alden On My Mac\Projects\proj34_wClockProd\Firmware\wClock_PRODUCTION_CANDIDATE_100418\led_cue.asm
             cue_argflags   0x00005a       data     static Z:\alden On My Mac\Projects\proj34_wClockProd\Firmware\wClock_PRODUCTION_CANDIDATE_100418\led_cue.asm
            cue_loop_work   0x00005b       data     static Z:\alden On My Mac\Projects\proj34_wClockProd\Firmware\wClock_PRODUCTION_CANDIDATE_100418\led_cue.asm
         cue_loop_counter   0x00005c       data     static Z:\alden On My Mac\Projects\proj34_wClockProd\Firmware\wClock_PRODUCTION_CANDIDATE_100418\led_cue.asm
        cue_loop_table_hi   0x00005d       data     static Z:\alden On My Mac\Projects\proj34_wClockProd\Firmware\wClock_PRODUCTION_CANDIDATE_100418\led_cue.asm
        cue_loop_table_lo   0x00005e       data     static Z:\alden On My Mac\Projects\proj34_wClockProd\Firmware\wClock_PRODUCTION_CANDIDATE_100418\led_cue.asm
               cue_opcode   0x00005f       data     static Z:\alden On My Mac\Projects\proj34_wClockProd\Firmware\wClock_PRODUCTION_CANDIDATE_100418\led_cue.asm
                  cue_op1   0x000060       data     static Z:\alden On My Mac\Projects\proj34_wClockProd\Firmware\wClock_PRODUCTION_CANDIDATE_100418\led_cue.asm
                  cue_op2   0x000061       data     static Z:\alden On My Mac\Projects\proj34_wClockProd\Firmware\wClock_PRODUCTION_CANDIDATE_100418\led_cue.asm
                  cue_op3   0x000062       data     static Z:\alden On My Mac\Projects\proj34_wClockProd\Firmware\wClock_PRODUCTION_CANDIDATE_100418\led_cue.asm
                cue_watch   0x000063       data     extern Z:\alden On My Mac\Projects\proj34_wClockProd\Firmware\wClock_PRODUCTION_CANDIDATE_100418\led_cue.asm
                arg_table   0x000064       data     static Z:\alden On My Mac\Projects\proj34_wClockProd\Firmware\wClock_PRODUCTION_CANDIDATE_100418\led_cue.asm
                fdr_level   0x000068       data     extern Z:\alden On My Mac\Projects\proj34_wClockProd\Firmware\wClock_PRODUCTION_CANDIDATE_100418\led_fader.asm
                 fdr_temp   0x000069       data     static Z:\alden On My Mac\Projects\proj34_wClockProd\Firmware\wClock_PRODUCTION_CANDIDATE_100418\led_fader.asm
              fdr_temp_hi   0x00006a       data     static Z:\alden On My Mac\Projects\proj34_wClockProd\Firmware\wClock_PRODUCTION_CANDIDATE_100418\led_fader.asm
              fdr_temp_lo   0x00006b       data     static Z:\alden On My Mac\Projects\proj34_wClockProd\Firmware\wClock_PRODUCTION_CANDIDATE_100418\led_fader.asm
             fdr_temp_min   0x00006c       data     static Z:\alden On My Mac\Projects\proj34_wClockProd\Firmware\wClock_PRODUCTION_CANDIDATE_100418\led_fader.asm
             fdr_temp_max   0x00006d       data     static Z:\alden On My Mac\Projects\proj34_wClockProd\Firmware\wClock_PRODUCTION_CANDIDATE_100418\led_fader.asm
              cmd_command   0x00006e       data     static Z:\alden On My Mac\Projects\proj34_wClockProd\Firmware\wClock_PRODUCTION_CANDIDATE_100418\led_fader.asm
             cmd_argcount   0x00006f       data     static Z:\alden On My Mac\Projects\proj34_wClockProd\Firmware\wClock_PRODUCTION_CANDIDATE_100418\led_fader.asm
              cmd_ut_temp   0x000070       data     static Z:\alden On My Mac\Projects\proj34_wClockProd\Firmware\wClock_PRODUCTION_CANDIDATE_100418\led_fader.asm
               cmd_buffer   0x000071       data     extern Z:\alden On My Mac\Projects\proj34_wClockProd\Firmware\wClock_PRODUCTION_CANDIDATE_100418\led_fader.asm
                   fdr_00   0x000100       data     static Z:\alden On My Mac\Projects\proj34_wClockProd\Firmware\wClock_PRODUCTION_CANDIDATE_100418\led_fader.asm
                   fdr_01   0x00010d       data     static Z:\alden On My Mac\Projects\proj34_wClockProd\Firmware\wClock_PRODUCTION_CANDIDATE_100418\led_fader.asm
                   fdr_02   0x00011a       data     static Z:\alden On My Mac\Projects\proj34_wClockProd\Firmware\wClock_PRODUCTION_CANDIDATE_100418\led_fader.asm
                   fdr_03   0x000127       data     static Z:\alden On My Mac\Projects\proj34_wClockProd\Firmware\wClock_PRODUCTION_CANDIDATE_100418\led_fader.asm
                   fdr_04   0x000134       data     static Z:\alden On My Mac\Projects\proj34_wClockProd\Firmware\wClock_PRODUCTION_CANDIDATE_100418\led_fader.asm
                   fdr_05   0x000141       data     static Z:\alden On My Mac\Projects\proj34_wClockProd\Firmware\wClock_PRODUCTION_CANDIDATE_100418\led_fader.asm
                   fdr_06   0x00014e       data     static Z:\alden On My Mac\Projects\proj34_wClockProd\Firmware\wClock_PRODUCTION_CANDIDATE_100418\led_fader.asm
                   fdr_07   0x00015b       data     static Z:\alden On My Mac\Projects\proj34_wClockProd\Firmware\wClock_PRODUCTION_CANDIDATE_100418\led_fader.asm
                   fdr_08   0x000168       data     static Z:\alden On My Mac\Projects\proj34_wClockProd\Firmware\wClock_PRODUCTION_CANDIDATE_100418\led_fader.asm
                   fdr_09   0x000175       data     static Z:\alden On My Mac\Projects\proj34_wClockProd\Firmware\wClock_PRODUCTION_CANDIDATE_100418\led_fader.asm
                   fdr_10   0x000182       data     static Z:\alden On My Mac\Projects\proj34_wClockProd\Firmware\wClock_PRODUCTION_CANDIDATE_100418\led_fader.asm
                   fdr_11   0x00018f       data     static Z:\alden On My Mac\Projects\proj34_wClockProd\Firmware\wClock_PRODUCTION_CANDIDATE_100418\led_fader.asm
                   fdr_12   0x00019c       data     static Z:\alden On My Mac\Projects\proj34_wClockProd\Firmware\wClock_PRODUCTION_CANDIDATE_100418\led_fader.asm
                   fdr_13   0x0001a9       data     static Z:\alden On My Mac\Projects\proj34_wClockProd\Firmware\wClock_PRODUCTION_CANDIDATE_100418\led_fader.asm
                   fdr_14   0x0001b6       data     static Z:\alden On My Mac\Projects\proj34_wClockProd\Firmware\wClock_PRODUCTION_CANDIDATE_100418\led_fader.asm
                   fdr_15   0x0001c3       data     static Z:\alden On My Mac\Projects\proj34_wClockProd\Firmware\wClock_PRODUCTION_CANDIDATE_100418\led_fader.asm
                   fdr_16   0x0001d0       data     static Z:\alden On My Mac\Projects\proj34_wClockProd\Firmware\wClock_PRODUCTION_CANDIDATE_100418\led_fader.asm
                   fdr_17   0x0001dd       data     static Z:\alden On My Mac\Projects\proj34_wClockProd\Firmware\wClock_PRODUCTION_CANDIDATE_100418\led_fader.asm
                   fdr_18   0x0001ea       data     static Z:\alden On My Mac\Projects\proj34_wClockProd\Firmware\wClock_PRODUCTION_CANDIDATE_100418\led_fader.asm
                   fdr_19   0x000200       data     static Z:\alden On My Mac\Projects\proj34_wClockProd\Firmware\wClock_PRODUCTION_CANDIDATE_100418\led_fader.asm
          dummy_label_200   0x000200       data     static Z:\alden On My Mac\Projects\proj34_wClockProd\Firmware\wClock_PRODUCTION_CANDIDATE_100418\led_fader.asm
                   fdr_20   0x00020d       data     static Z:\alden On My Mac\Projects\proj34_wClockProd\Firmware\wClock_PRODUCTION_CANDIDATE_100418\led_fader.asm
                   fdr_21   0x00021a       data     static Z:\alden On My Mac\Projects\proj34_wClockProd\Firmware\wClock_PRODUCTION_CANDIDATE_100418\led_fader.asm
                   fdr_22   0x000227       data     static Z:\alden On My Mac\Projects\proj34_wClockProd\Firmware\wClock_PRODUCTION_CANDIDATE_100418\led_fader.asm
                   fdr_23   0x000234       data     static Z:\alden On My Mac\Projects\proj34_wClockProd\Firmware\wClock_PRODUCTION_CANDIDATE_100418\led_fader.asm
                   fdr_24   0x000241       data     static Z:\alden On My Mac\Projects\proj34_wClockProd\Firmware\wClock_PRODUCTION_CANDIDATE_100418\led_fader.asm
                   fdr_25   0x00024e       data     static Z:\alden On My Mac\Projects\proj34_wClockProd\Firmware\wClock_PRODUCTION_CANDIDATE_100418\led_fader.asm


